 Container ptit_bigdata-bigdata-run-cbab5cd8c1ef Creating 
 Container ptit_bigdata-bigdata-run-cbab5cd8c1ef Created 
[INFO] Scanning for projects...
[INFO] 
[INFO] -----------------< vn.edu.bigdata:revenue-aggregation >-----------------
[INFO] Building revenue-aggregation 1.0.0
[INFO]   from pom.xml
[INFO] --------------------------------[ jar ]---------------------------------
[INFO] 
[INFO] --- dependency:3.8.1:tree (default-cli) @ revenue-aggregation ---
[INFO] vn.edu.bigdata:revenue-aggregation:jar:1.0.0
[INFO] +- org.apache.hadoop:hadoop-common:jar:3.4.2:provided
[INFO] |  +- org.apache.hadoop.thirdparty:hadoop-shaded-protobuf_3_25:jar:1.4.0:provided
[INFO] |  +- org.apache.hadoop:hadoop-annotations:jar:3.4.2:provided
[INFO] |  +- org.apache.hadoop.thirdparty:hadoop-shaded-guava:jar:1.4.0:provided
[INFO] |  +- com.google.guava:guava:jar:27.0-jre:provided
[INFO] |  |  +- com.google.guava:failureaccess:jar:1.0:provided
[INFO] |  |  +- com.google.guava:listenablefuture:jar:9999.0-empty-to-avoid-conflict-with-guava:provided
[INFO] |  |  +- org.checkerframework:checker-qual:jar:2.5.2:provided
[INFO] |  |  +- com.google.j2objc:j2objc-annotations:jar:1.1:provided
[INFO] |  |  \- org.codehaus.mojo:animal-sniffer-annotations:jar:1.17:provided
[INFO] |  +- commons-cli:commons-cli:jar:1.9.0:provided
[INFO] |  +- org.apache.commons:commons-math3:jar:3.6.1:provided
[INFO] |  +- org.apache.httpcomponents:httpclient:jar:4.5.13:provided
[INFO] |  |  +- org.apache.httpcomponents:httpcore:jar:4.4.13:provided
[INFO] |  |  \- commons-logging:commons-logging:jar:1.2:provided
[INFO] |  +- commons-net:commons-net:jar:3.9.0:provided
[INFO] |  +- org.apache.commons:commons-collections4:jar:4.4:provided
[INFO] |  +- javax.servlet:javax.servlet-api:jar:3.1.0:provided
[INFO] |  +- jakarta.activation:jakarta.activation-api:jar:1.2.1:provided
[INFO] |  +- org.eclipse.jetty:jetty-server:jar:9.4.57.v20241219:provided
[INFO] |  |  +- org.eclipse.jetty:jetty-http:jar:9.4.57.v20241219:provided
[INFO] |  |  \- org.eclipse.jetty:jetty-io:jar:9.4.57.v20241219:provided
[INFO] |  +- org.eclipse.jetty:jetty-util:jar:9.4.57.v20241219:provided
[INFO] |  +- org.eclipse.jetty:jetty-servlet:jar:9.4.57.v20241219:provided
[INFO] |  |  +- org.eclipse.jetty:jetty-security:jar:9.4.57.v20241219:provided
[INFO] |  |  \- org.eclipse.jetty:jetty-util-ajax:jar:9.4.57.v20241219:provided
[INFO] |  +- org.eclipse.jetty:jetty-webapp:jar:9.4.57.v20241219:provided
[INFO] |  |  \- org.eclipse.jetty:jetty-xml:jar:9.4.57.v20241219:provided
[INFO] |  +- javax.servlet.jsp:jsp-api:jar:2.1:provided
[INFO] |  +- com.sun.jersey:jersey-core:jar:1.19.4:provided
[INFO] |  |  \- javax.ws.rs:jsr311-api:jar:1.1.1:provided
[INFO] |  +- com.sun.jersey:jersey-servlet:jar:1.19.4:provided
[INFO] |  +- com.github.pjfanning:jersey-json:jar:1.22.0:provided
[INFO] |  |  \- com.sun.xml.bind:jaxb-impl:jar:2.2.3-1:provided
[INFO] |  +- org.codehaus.jettison:jettison:jar:1.5.4:provided
[INFO] |  +- com.sun.jersey:jersey-server:jar:1.19.4:provided
[INFO] |  +- ch.qos.reload4j:reload4j:jar:1.2.22:provided
[INFO] |  +- org.apache.commons:commons-configuration2:jar:2.10.1:provided
[INFO] |  +- org.apache.commons:commons-lang3:jar:3.17.0:provided
[INFO] |  +- org.apache.commons:commons-text:jar:1.10.0:provided
[INFO] |  +- org.slf4j:slf4j-api:jar:1.7.36:provided
[INFO] |  +- org.slf4j:slf4j-reload4j:jar:1.7.36:provided
[INFO] |  +- org.apache.avro:avro:jar:1.11.4:provided
[INFO] |  +- com.google.re2j:re2j:jar:1.1:provided
[INFO] |  +- com.google.code.gson:gson:jar:2.9.0:provided
[INFO] |  +- org.apache.hadoop:hadoop-auth:jar:3.4.2:provided
[INFO] |  |  +- com.nimbusds:nimbus-jose-jwt:jar:9.37.2:provided
[INFO] |  |  |  \- com.github.stephenc.jcip:jcip-annotations:jar:1.0-1:provided
[INFO] |  |  +- org.apache.curator:curator-framework:jar:5.2.0:provided
[INFO] |  |  \- org.apache.kerby:kerb-util:jar:2.0.3:provided
[INFO] |  |     +- org.apache.kerby:kerby-config:jar:2.0.3:provided
[INFO] |  |     \- org.apache.kerby:kerb-crypto:jar:2.0.3:provided
[INFO] |  +- com.jcraft:jsch:jar:0.1.55:provided
[INFO] |  +- org.apache.curator:curator-client:jar:5.2.0:provided
[INFO] |  +- org.apache.curator:curator-recipes:jar:5.2.0:provided
[INFO] |  +- com.google.code.findbugs:jsr305:jar:3.0.2:provided
[INFO] |  +- org.apache.zookeeper:zookeeper:jar:3.8.4:provided
[INFO] |  |  +- org.apache.zookeeper:zookeeper-jute:jar:3.8.4:provided
[INFO] |  |  \- org.apache.yetus:audience-annotations:jar:0.12.0:provided
[INFO] |  +- io.netty:netty-handler:jar:4.1.118.Final:provided
[INFO] |  |  +- io.netty:netty-common:jar:4.1.118.Final:provided
[INFO] |  |  +- io.netty:netty-resolver:jar:4.1.118.Final:provided
[INFO] |  |  +- io.netty:netty-buffer:jar:4.1.118.Final:provided
[INFO] |  |  +- io.netty:netty-transport:jar:4.1.118.Final:provided
[INFO] |  |  +- io.netty:netty-transport-native-unix-common:jar:4.1.118.Final:provided
[INFO] |  |  \- io.netty:netty-codec:jar:4.1.118.Final:provided
[INFO] |  +- io.netty:netty-transport-native-epoll:jar:4.1.118.Final:provided
[INFO] |  |  \- io.netty:netty-transport-classes-epoll:jar:4.1.118.Final:provided
[INFO] |  +- io.dropwizard.metrics:metrics-core:jar:3.2.4:provided
[INFO] |  +- org.apache.commons:commons-compress:jar:1.26.1:provided
[INFO] |  +- org.bouncycastle:bcprov-jdk18on:jar:1.78.1:provided
[INFO] |  +- org.apache.kerby:kerb-core:jar:2.0.3:provided
[INFO] |  |  \- org.apache.kerby:kerby-pkix:jar:2.0.3:provided
[INFO] |  |     +- org.apache.kerby:kerby-asn1:jar:2.0.3:provided
[INFO] |  |     \- org.apache.kerby:kerby-util:jar:2.0.3:provided
[INFO] |  +- org.codehaus.woodstox:stax2-api:jar:4.2.1:provided
[INFO] |  +- com.fasterxml.woodstox:woodstox-core:jar:5.4.0:provided
[INFO] |  +- dnsjava:dnsjava:jar:3.6.1:provided
[INFO] |  \- org.xerial.snappy:snappy-java:jar:1.1.10.4:provided
[INFO] +- org.apache.hadoop:hadoop-mapreduce-client-core:jar:3.4.2:provided
[INFO] |  +- org.apache.hadoop:hadoop-yarn-client:jar:3.4.2:provided
[INFO] |  |  +- org.eclipse.jetty.websocket:websocket-client:jar:9.4.57.v20241219:provided
[INFO] |  |  |  +- org.eclipse.jetty:jetty-client:jar:9.4.57.v20241219:provided
[INFO] |  |  |  \- org.eclipse.jetty.websocket:websocket-common:jar:9.4.57.v20241219:provided
[INFO] |  |  |     \- org.eclipse.jetty.websocket:websocket-api:jar:9.4.57.v20241219:provided
[INFO] |  |  +- org.apache.hadoop:hadoop-yarn-api:jar:3.4.2:provided
[INFO] |  |  \- org.jline:jline:jar:3.9.0:provided
[INFO] |  +- org.apache.hadoop:hadoop-yarn-common:jar:3.4.2:provided
[INFO] |  |  +- javax.xml.bind:jaxb-api:jar:2.2.11:provided
[INFO] |  |  +- com.sun.jersey:jersey-client:jar:1.19.4:provided
[INFO] |  |  +- com.google.inject:guice:jar:4.2.3:provided
[INFO] |  |  |  +- javax.inject:javax.inject:jar:1:provided
[INFO] |  |  |  \- aopalliance:aopalliance:jar:1.0:provided
[INFO] |  |  +- com.sun.jersey.contribs:jersey-guice:jar:1.19.4:provided
[INFO] |  |  +- com.fasterxml.jackson.module:jackson-module-jaxb-annotations:jar:2.12.7:provided
[INFO] |  |  |  \- jakarta.xml.bind:jakarta.xml.bind-api:jar:2.3.2:provided
[INFO] |  |  \- com.fasterxml.jackson.jaxrs:jackson-jaxrs-json-provider:jar:2.12.7:provided
[INFO] |  |     \- com.fasterxml.jackson.jaxrs:jackson-jaxrs-base:jar:2.12.7:provided
[INFO] |  +- org.apache.hadoop:hadoop-hdfs-client:jar:3.4.2:provided
[INFO] |  +- com.google.inject.extensions:guice-servlet:jar:4.2.3:provided
[INFO] |  \- io.netty:netty-all:jar:4.1.118.Final:provided
[INFO] |     +- io.netty:netty-codec-dns:jar:4.1.118.Final:provided
[INFO] |     +- io.netty:netty-codec-haproxy:jar:4.1.118.Final:provided
[INFO] |     +- io.netty:netty-codec-http:jar:4.1.118.Final:provided
[INFO] |     +- io.netty:netty-codec-http2:jar:4.1.118.Final:provided
[INFO] |     +- io.netty:netty-codec-memcache:jar:4.1.118.Final:provided
[INFO] |     +- io.netty:netty-codec-mqtt:jar:4.1.118.Final:provided
[INFO] |     +- io.netty:netty-codec-redis:jar:4.1.118.Final:provided
[INFO] |     +- io.netty:netty-codec-smtp:jar:4.1.118.Final:provided
[INFO] |     +- io.netty:netty-codec-socks:jar:4.1.118.Final:provided
[INFO] |     +- io.netty:netty-codec-stomp:jar:4.1.118.Final:provided
[INFO] |     +- io.netty:netty-codec-xml:jar:4.1.118.Final:provided
[INFO] |     +- io.netty:netty-handler-proxy:jar:4.1.118.Final:provided
[INFO] |     +- io.netty:netty-handler-ssl-ocsp:jar:4.1.118.Final:provided
[INFO] |     +- io.netty:netty-resolver-dns:jar:4.1.118.Final:provided
[INFO] |     +- io.netty:netty-transport-rxtx:jar:4.1.118.Final:provided
[INFO] |     +- io.netty:netty-transport-sctp:jar:4.1.118.Final:provided
[INFO] |     +- io.netty:netty-transport-udt:jar:4.1.118.Final:provided
[INFO] |     +- io.netty:netty-transport-classes-kqueue:jar:4.1.118.Final:provided
[INFO] |     +- io.netty:netty-resolver-dns-classes-macos:jar:4.1.118.Final:provided
[INFO] |     +- io.netty:netty-transport-native-epoll:jar:linux-x86_64:4.1.118.Final:provided
[INFO] |     +- io.netty:netty-transport-native-epoll:jar:linux-aarch_64:4.1.118.Final:provided
[INFO] |     +- io.netty:netty-transport-native-epoll:jar:linux-riscv64:4.1.118.Final:provided
[INFO] |     +- io.netty:netty-transport-native-kqueue:jar:osx-x86_64:4.1.118.Final:provided
[INFO] |     +- io.netty:netty-transport-native-kqueue:jar:osx-aarch_64:4.1.118.Final:provided
[INFO] |     +- io.netty:netty-resolver-dns-native-macos:jar:osx-x86_64:4.1.118.Final:provided
[INFO] |     \- io.netty:netty-resolver-dns-native-macos:jar:osx-aarch_64:4.1.118.Final:provided
[INFO] +- org.apache.hadoop:hadoop-mapreduce-client-jobclient:jar:3.4.2:provided
[INFO] |  \- org.apache.hadoop:hadoop-mapreduce-client-common:jar:3.4.2:provided
[INFO] +- org.apache.commons:commons-csv:jar:1.14.1:compile
[INFO] +- commons-io:commons-io:jar:2.20.0:compile
[INFO] +- commons-codec:commons-codec:jar:1.19.0:compile
[INFO] +- com.fasterxml.jackson.core:jackson-databind:jar:2.18.3:compile
[INFO] |  +- com.fasterxml.jackson.core:jackson-annotations:jar:2.18.3:compile
[INFO] |  \- com.fasterxml.jackson.core:jackson-core:jar:2.18.3:compile
[INFO] \- org.junit.jupiter:junit-jupiter:jar:5.12.2:test
[INFO]    +- org.junit.jupiter:junit-jupiter-api:jar:5.12.2:test
[INFO]    |  +- org.opentest4j:opentest4j:jar:1.3.0:test
[INFO]    |  +- org.junit.platform:junit-platform-commons:jar:1.12.2:test
[INFO]    |  \- org.apiguardian:apiguardian-api:jar:1.1.2:test
[INFO]    +- org.junit.jupiter:junit-jupiter-params:jar:5.12.2:test
[INFO]    \- org.junit.jupiter:junit-jupiter-engine:jar:5.12.2:test
[INFO]       \- org.junit.platform:junit-platform-engine:jar:1.12.2:test
[INFO] ------------------------------------------------------------------------
[INFO] BUILD SUCCESS
[INFO] ------------------------------------------------------------------------
[INFO] Total time:  3.538 s
[INFO] Finished at: 2026-10-05T19:47:59Z
[INFO] ------------------------------------------------------------------------
