 Container ptit_bigdata-bigdata-run-dcd4d8be4674 Creating 
 Container ptit_bigdata-bigdata-run-dcd4d8be4674 Created 
WARN NativeCodeLoader: Unable to load native-hadoop library for your platform... using builtin-java classes where applicable
WARN NativeCodeLoader: Unable to load native-hadoop library for your platform... using builtin-java classes where applicable
Preflight valid: 742849 purchases, fingerprint=310259e9f9367ee64e58c2624e6f8cdb82c67205a0952758de708febb09e0a16
WARN NativeCodeLoader: Unable to load native-hadoop library for your platform... using builtin-java classes where applicable
Profile: 567 dictionary groups
WARN NativeCodeLoader: Unable to load native-hadoop library for your platform... using builtin-java classes where applicable
WARN MetricsSystemImpl: JobTracker metrics system already initialized!
WARN MetricsSystemImpl: JobTracker metrics system already initialized!
Run valid: hdfs://namenode:8020/data/ecommerce/mr/dk3/v1 (V1_DIRECT)
WARN NativeCodeLoader: Unable to load native-hadoop library for your platform... using builtin-java classes where applicable
WARN NativeCodeLoader: Unable to load native-hadoop library for your platform... using builtin-java classes where applicable
WARN MetricsSystemImpl: JobTracker metrics system already initialized!
WARN MetricsSystemImpl: JobTracker metrics system already initialized!
Run valid: hdfs://namenode:8020/data/ecommerce/mr/dk3/v2 (V2_COMBINER)
WARN NativeCodeLoader: Unable to load native-hadoop library for your platform... using builtin-java classes where applicable
WARN NativeCodeLoader: Unable to load native-hadoop library for your platform... using builtin-java classes where applicable
WARN MetricsSystemImpl: JobTracker metrics system already initialized!
WARN MetricsSystemImpl: JobTracker metrics system already initialized!
Run valid: hdfs://namenode:8020/data/ecommerce/mr/dk3/v5 (V5_BATCH)
WARN NativeCodeLoader: Unable to load native-hadoop library for your platform... using builtin-java classes where applicable
WARN NativeCodeLoader: Unable to load native-hadoop library for your platform... using builtin-java classes where applicable
Results equal
WARN NativeCodeLoader: Unable to load native-hadoop library for your platform... using builtin-java classes where applicable
Results equal
WARN NativeCodeLoader: Unable to load native-hadoop library for your platform... using builtin-java classes where applicable
WARN NativeCodeLoader: Unable to load native-hadoop library for your platform... using builtin-java classes where applicable
WARN NativeCodeLoader: Unable to load native-hadoop library for your platform... using builtin-java classes where applicable
-rw-r--r--   1 hadoop supergroup      22110 2026-10-08 18:20 hdfs://namenode:8020/data/ecommerce/mr/dk3/revenue.csv
drwxr-xr-x   - hadoop supergroup          0 2026-10-08 18:01 hdfs://namenode:8020/data/ecommerce/mr/dk3/v1
-rw-r--r--   1 hadoop supergroup          0 2026-10-08 18:00 hdfs://namenode:8020/data/ecommerce/mr/dk3/v1/_SUCCESS
-rw-r--r--   1 hadoop supergroup      10498 2026-10-08 18:00 hdfs://namenode:8020/data/ecommerce/mr/dk3/v1/part-r-00000
-rw-r--r--   1 hadoop supergroup      10989 2026-10-08 18:00 hdfs://namenode:8020/data/ecommerce/mr/dk3/v1/part-r-00001
-rw-r--r--   1 hadoop supergroup       4010 2026-10-08 18:01 hdfs://namenode:8020/data/ecommerce/mr/dk3/v1/run-manifest.json
drwxr-xr-x   - hadoop supergroup          0 2026-10-08 18:12 hdfs://namenode:8020/data/ecommerce/mr/dk3/v2
-rw-r--r--   1 hadoop supergroup          0 2026-10-08 18:10 hdfs://namenode:8020/data/ecommerce/mr/dk3/v2/_SUCCESS
-rw-r--r--   1 hadoop supergroup      10498 2026-10-08 18:10 hdfs://namenode:8020/data/ecommerce/mr/dk3/v2/part-r-00000
-rw-r--r--   1 hadoop supergroup      10989 2026-10-08 18:10 hdfs://namenode:8020/data/ecommerce/mr/dk3/v2/part-r-00001
-rw-r--r--   1 hadoop supergroup       4019 2026-10-08 18:12 hdfs://namenode:8020/data/ecommerce/mr/dk3/v2/run-manifest.json
drwxr-xr-x   - hadoop supergroup          0 2026-10-08 18:19 hdfs://namenode:8020/data/ecommerce/mr/dk3/v5
-rw-r--r--   1 hadoop supergroup          0 2026-10-08 18:18 hdfs://namenode:8020/data/ecommerce/mr/dk3/v5/_SUCCESS
-rw-r--r--   1 hadoop supergroup      10795 2026-10-08 18:18 hdfs://namenode:8020/data/ecommerce/mr/dk3/v5/part-r-00000
-rw-r--r--   1 hadoop supergroup      10692 2026-10-08 18:18 hdfs://namenode:8020/data/ecommerce/mr/dk3/v5/part-r-00001
-rw-r--r--   1 hadoop supergroup       3985 2026-10-08 18:19 hdfs://namenode:8020/data/ecommerce/mr/dk3/v5/run-manifest.json
preflight	257438
profile	407894
v1	569712
v2	616286
v5	458694
