 Container ptit_bigdata-bigdata-run-928453c92a2a Creating 
 Container ptit_bigdata-bigdata-run-928453c92a2a Created 
WARN NativeCodeLoader: Unable to load native-hadoop library for your platform... using builtin-java classes where applicable
WARN NativeCodeLoader: Unable to load native-hadoop library for your platform... using builtin-java classes where applicable
Preflight valid: 7464 purchases, fingerprint=4a084759e7b4699d1384c50da76946b6369b40101219e94e88ae491387d12c4b
WARN NativeCodeLoader: Unable to load native-hadoop library for your platform... using builtin-java classes where applicable
Profile: 308 dictionary groups
WARN NativeCodeLoader: Unable to load native-hadoop library for your platform... using builtin-java classes where applicable
WARN MetricsSystemImpl: JobTracker metrics system already initialized!
WARN MetricsSystemImpl: JobTracker metrics system already initialized!
Run valid: hdfs://namenode:8020/data/ecommerce/mr/dk1/v1 (V1_DIRECT)
WARN NativeCodeLoader: Unable to load native-hadoop library for your platform... using builtin-java classes where applicable
WARN NativeCodeLoader: Unable to load native-hadoop library for your platform... using builtin-java classes where applicable
WARN MetricsSystemImpl: JobTracker metrics system already initialized!
WARN MetricsSystemImpl: JobTracker metrics system already initialized!
Run valid: hdfs://namenode:8020/data/ecommerce/mr/dk1/v2 (V2_COMBINER)
WARN NativeCodeLoader: Unable to load native-hadoop library for your platform... using builtin-java classes where applicable
WARN NativeCodeLoader: Unable to load native-hadoop library for your platform... using builtin-java classes where applicable
WARN MetricsSystemImpl: JobTracker metrics system already initialized!
WARN MetricsSystemImpl: JobTracker metrics system already initialized!
Run valid: hdfs://namenode:8020/data/ecommerce/mr/dk1/v3 (V3_IN_MAPPER)
WARN NativeCodeLoader: Unable to load native-hadoop library for your platform... using builtin-java classes where applicable
WARN NativeCodeLoader: Unable to load native-hadoop library for your platform... using builtin-java classes where applicable
WARN MetricsSystemImpl: JobTracker metrics system already initialized!
WARN MetricsSystemImpl: JobTracker metrics system already initialized!
Run valid: hdfs://namenode:8020/data/ecommerce/mr/dk1/v4 (V4_DENSE)
WARN NativeCodeLoader: Unable to load native-hadoop library for your platform... using builtin-java classes where applicable
WARN NativeCodeLoader: Unable to load native-hadoop library for your platform... using builtin-java classes where applicable
WARN MetricsSystemImpl: JobTracker metrics system already initialized!
WARN MetricsSystemImpl: JobTracker metrics system already initialized!
Run valid: hdfs://namenode:8020/data/ecommerce/mr/dk1/v5 (V5_BATCH)
WARN NativeCodeLoader: Unable to load native-hadoop library for your platform... using builtin-java classes where applicable
WARN NativeCodeLoader: Unable to load native-hadoop library for your platform... using builtin-java classes where applicable
Results equal
WARN NativeCodeLoader: Unable to load native-hadoop library for your platform... using builtin-java classes where applicable
Results equal
WARN NativeCodeLoader: Unable to load native-hadoop library for your platform... using builtin-java classes where applicable
Results equal
WARN NativeCodeLoader: Unable to load native-hadoop library for your platform... using builtin-java classes where applicable
Results equal
WARN NativeCodeLoader: Unable to load native-hadoop library for your platform... using builtin-java classes where applicable
WARN NativeCodeLoader: Unable to load native-hadoop library for your platform... using builtin-java classes where applicable
WARN NativeCodeLoader: Unable to load native-hadoop library for your platform... using builtin-java classes where applicable
-rw-r--r--   1 hadoop supergroup      11306 2026-10-08 17:33 hdfs://namenode:8020/data/ecommerce/mr/dk1/revenue.csv
drwxr-xr-x   - hadoop supergroup          0 2026-10-08 17:31 hdfs://namenode:8020/data/ecommerce/mr/dk1/v1
-rw-r--r--   1 hadoop supergroup          0 2026-10-08 17:31 hdfs://namenode:8020/data/ecommerce/mr/dk1/v1/_SUCCESS
-rw-r--r--   1 hadoop supergroup       5133 2026-10-08 17:31 hdfs://namenode:8020/data/ecommerce/mr/dk1/v1/part-r-00000
-rw-r--r--   1 hadoop supergroup       5809 2026-10-08 17:31 hdfs://namenode:8020/data/ecommerce/mr/dk1/v1/part-r-00001
-rw-r--r--   1 hadoop supergroup       3972 2026-10-08 17:31 hdfs://namenode:8020/data/ecommerce/mr/dk1/v1/run-manifest.json
drwxr-xr-x   - hadoop supergroup          0 2026-10-08 17:32 hdfs://namenode:8020/data/ecommerce/mr/dk1/v2
-rw-r--r--   1 hadoop supergroup          0 2026-10-08 17:32 hdfs://namenode:8020/data/ecommerce/mr/dk1/v2/_SUCCESS
-rw-r--r--   1 hadoop supergroup       5133 2026-10-08 17:32 hdfs://namenode:8020/data/ecommerce/mr/dk1/v2/part-r-00000
-rw-r--r--   1 hadoop supergroup       5809 2026-10-08 17:32 hdfs://namenode:8020/data/ecommerce/mr/dk1/v2/part-r-00001
-rw-r--r--   1 hadoop supergroup       3978 2026-10-08 17:32 hdfs://namenode:8020/data/ecommerce/mr/dk1/v2/run-manifest.json
drwxr-xr-x   - hadoop supergroup          0 2026-10-08 17:32 hdfs://namenode:8020/data/ecommerce/mr/dk1/v3
-rw-r--r--   1 hadoop supergroup          0 2026-10-08 17:32 hdfs://namenode:8020/data/ecommerce/mr/dk1/v3/_SUCCESS
-rw-r--r--   1 hadoop supergroup       5133 2026-10-08 17:32 hdfs://namenode:8020/data/ecommerce/mr/dk1/v3/part-r-00000
-rw-r--r--   1 hadoop supergroup       5809 2026-10-08 17:32 hdfs://namenode:8020/data/ecommerce/mr/dk1/v3/part-r-00001
-rw-r--r--   1 hadoop supergroup       4138 2026-10-08 17:32 hdfs://namenode:8020/data/ecommerce/mr/dk1/v3/run-manifest.json
drwxr-xr-x   - hadoop supergroup          0 2026-10-08 17:32 hdfs://namenode:8020/data/ecommerce/mr/dk1/v4
-rw-r--r--   1 hadoop supergroup          0 2026-10-08 17:32 hdfs://namenode:8020/data/ecommerce/mr/dk1/v4/_SUCCESS
-rw-r--r--   1 hadoop supergroup       5133 2026-10-08 17:32 hdfs://namenode:8020/data/ecommerce/mr/dk1/v4/part-r-00000
-rw-r--r--   1 hadoop supergroup       5809 2026-10-08 17:32 hdfs://namenode:8020/data/ecommerce/mr/dk1/v4/part-r-00001
-rw-r--r--   1 hadoop supergroup       3962 2026-10-08 17:32 hdfs://namenode:8020/data/ecommerce/mr/dk1/v4/run-manifest.json
drwxr-xr-x   - hadoop supergroup          0 2026-10-08 17:32 hdfs://namenode:8020/data/ecommerce/mr/dk1/v5
-rw-r--r--   1 hadoop supergroup          0 2026-10-08 17:32 hdfs://namenode:8020/data/ecommerce/mr/dk1/v5/_SUCCESS
-rw-r--r--   1 hadoop supergroup       5460 2026-10-08 17:32 hdfs://namenode:8020/data/ecommerce/mr/dk1/v5/part-r-00000
-rw-r--r--   1 hadoop supergroup       5482 2026-10-08 17:32 hdfs://namenode:8020/data/ecommerce/mr/dk1/v5/part-r-00001
-rw-r--r--   1 hadoop supergroup       3950 2026-10-08 17:32 hdfs://namenode:8020/data/ecommerce/mr/dk1/v5/run-manifest.json
preflight	7891
profile	10885
v1	12196
v2	15841
v3	12721
v4	13031
v5	12769
