 Container ptit_bigdata-bigdata-run-9f97dbf303f4 Creating 
 Container ptit_bigdata-bigdata-run-9f97dbf303f4 Created 
WARN NativeCodeLoader: Unable to load native-hadoop library for your platform... using builtin-java classes where applicable
WARN NativeCodeLoader: Unable to load native-hadoop library for your platform... using builtin-java classes where applicable
Preflight valid: 74120 purchases, fingerprint=d7654024e6c8fd9526187ca3171874c67e1dda205cd3f9c9db21285004a17ca7
WARN NativeCodeLoader: Unable to load native-hadoop library for your platform... using builtin-java classes where applicable
Profile: 495 dictionary groups
WARN NativeCodeLoader: Unable to load native-hadoop library for your platform... using builtin-java classes where applicable
WARN MetricsSystemImpl: JobTracker metrics system already initialized!
WARN MetricsSystemImpl: JobTracker metrics system already initialized!
Run valid: hdfs://namenode:8020/data/ecommerce/mr/dk2/v1 (V1_DIRECT)
WARN NativeCodeLoader: Unable to load native-hadoop library for your platform... using builtin-java classes where applicable
WARN NativeCodeLoader: Unable to load native-hadoop library for your platform... using builtin-java classes where applicable
WARN MetricsSystemImpl: JobTracker metrics system already initialized!
WARN MetricsSystemImpl: JobTracker metrics system already initialized!
Run valid: hdfs://namenode:8020/data/ecommerce/mr/dk2/v2 (V2_COMBINER)
WARN NativeCodeLoader: Unable to load native-hadoop library for your platform... using builtin-java classes where applicable
WARN NativeCodeLoader: Unable to load native-hadoop library for your platform... using builtin-java classes where applicable
WARN MetricsSystemImpl: JobTracker metrics system already initialized!
WARN MetricsSystemImpl: JobTracker metrics system already initialized!
Run valid: hdfs://namenode:8020/data/ecommerce/mr/dk2/v3 (V3_IN_MAPPER)
WARN NativeCodeLoader: Unable to load native-hadoop library for your platform... using builtin-java classes where applicable
WARN NativeCodeLoader: Unable to load native-hadoop library for your platform... using builtin-java classes where applicable
WARN MetricsSystemImpl: JobTracker metrics system already initialized!
WARN MetricsSystemImpl: JobTracker metrics system already initialized!
Run valid: hdfs://namenode:8020/data/ecommerce/mr/dk2/v4 (V4_DENSE)
WARN NativeCodeLoader: Unable to load native-hadoop library for your platform... using builtin-java classes where applicable
WARN NativeCodeLoader: Unable to load native-hadoop library for your platform... using builtin-java classes where applicable
WARN MetricsSystemImpl: JobTracker metrics system already initialized!
WARN MetricsSystemImpl: JobTracker metrics system already initialized!
Run valid: hdfs://namenode:8020/data/ecommerce/mr/dk2/v5 (V5_BATCH)
WARN NativeCodeLoader: Unable to load native-hadoop library for your platform... using builtin-java classes where applicable
WARN NativeCodeLoader: Unable to load native-hadoop library for your platform... using builtin-java classes where applicable
Results equal
WARN NativeCodeLoader: Unable to load native-hadoop library for your platform... using builtin-java classes where applicable
Results equal
WARN NativeCodeLoader: Unable to load native-hadoop library for your platform... using builtin-java classes where applicable
Results equal
WARN NativeCodeLoader: Unable to load native-hadoop library for your platform... using builtin-java classes where applicable
Results equal
WARN NativeCodeLoader: Unable to load native-hadoop library for your platform... using builtin-java classes where applicable
WARN NativeCodeLoader: Unable to load native-hadoop library for your platform... using builtin-java classes where applicable
WARN NativeCodeLoader: Unable to load native-hadoop library for your platform... using builtin-java classes where applicable
-rw-r--r--   1 hadoop supergroup      18569 2026-10-08 17:41 hdfs://namenode:8020/data/ecommerce/mr/dk2/revenue.csv
drwxr-xr-x   - hadoop supergroup          0 2026-10-08 17:36 hdfs://namenode:8020/data/ecommerce/mr/dk2/v1
-rw-r--r--   1 hadoop supergroup          0 2026-10-08 17:36 hdfs://namenode:8020/data/ecommerce/mr/dk2/v1/_SUCCESS
-rw-r--r--   1 hadoop supergroup       8705 2026-10-08 17:36 hdfs://namenode:8020/data/ecommerce/mr/dk2/v1/part-r-00000
-rw-r--r--   1 hadoop supergroup       9313 2026-10-08 17:36 hdfs://namenode:8020/data/ecommerce/mr/dk2/v1/part-r-00001
-rw-r--r--   1 hadoop supergroup       3990 2026-10-08 17:36 hdfs://namenode:8020/data/ecommerce/mr/dk2/v1/run-manifest.json
drwxr-xr-x   - hadoop supergroup          0 2026-10-08 17:37 hdfs://namenode:8020/data/ecommerce/mr/dk2/v2
-rw-r--r--   1 hadoop supergroup          0 2026-10-08 17:37 hdfs://namenode:8020/data/ecommerce/mr/dk2/v2/_SUCCESS
-rw-r--r--   1 hadoop supergroup       8705 2026-10-08 17:37 hdfs://namenode:8020/data/ecommerce/mr/dk2/v2/part-r-00000
-rw-r--r--   1 hadoop supergroup       9313 2026-10-08 17:37 hdfs://namenode:8020/data/ecommerce/mr/dk2/v2/part-r-00001
-rw-r--r--   1 hadoop supergroup       3996 2026-10-08 17:37 hdfs://namenode:8020/data/ecommerce/mr/dk2/v2/run-manifest.json
drwxr-xr-x   - hadoop supergroup          0 2026-10-08 17:38 hdfs://namenode:8020/data/ecommerce/mr/dk2/v3
-rw-r--r--   1 hadoop supergroup          0 2026-10-08 17:38 hdfs://namenode:8020/data/ecommerce/mr/dk2/v3/_SUCCESS
-rw-r--r--   1 hadoop supergroup       8705 2026-10-08 17:38 hdfs://namenode:8020/data/ecommerce/mr/dk2/v3/part-r-00000
-rw-r--r--   1 hadoop supergroup       9313 2026-10-08 17:38 hdfs://namenode:8020/data/ecommerce/mr/dk2/v3/part-r-00001
-rw-r--r--   1 hadoop supergroup       4153 2026-10-08 17:38 hdfs://namenode:8020/data/ecommerce/mr/dk2/v3/run-manifest.json
drwxr-xr-x   - hadoop supergroup          0 2026-10-08 17:40 hdfs://namenode:8020/data/ecommerce/mr/dk2/v4
-rw-r--r--   1 hadoop supergroup          0 2026-10-08 17:39 hdfs://namenode:8020/data/ecommerce/mr/dk2/v4/_SUCCESS
-rw-r--r--   1 hadoop supergroup       8705 2026-10-08 17:39 hdfs://namenode:8020/data/ecommerce/mr/dk2/v4/part-r-00000
-rw-r--r--   1 hadoop supergroup       9313 2026-10-08 17:39 hdfs://namenode:8020/data/ecommerce/mr/dk2/v4/part-r-00001
-rw-r--r--   1 hadoop supergroup       3975 2026-10-08 17:40 hdfs://namenode:8020/data/ecommerce/mr/dk2/v4/run-manifest.json
drwxr-xr-x   - hadoop supergroup          0 2026-10-08 17:40 hdfs://namenode:8020/data/ecommerce/mr/dk2/v5
-rw-r--r--   1 hadoop supergroup          0 2026-10-08 17:40 hdfs://namenode:8020/data/ecommerce/mr/dk2/v5/_SUCCESS
-rw-r--r--   1 hadoop supergroup       9037 2026-10-08 17:40 hdfs://namenode:8020/data/ecommerce/mr/dk2/v5/part-r-00000
-rw-r--r--   1 hadoop supergroup       8981 2026-10-08 17:40 hdfs://namenode:8020/data/ecommerce/mr/dk2/v5/part-r-00001
-rw-r--r--   1 hadoop supergroup       3967 2026-10-08 17:40 hdfs://namenode:8020/data/ecommerce/mr/dk2/v5/run-manifest.json
preflight	53334
profile	53687
v1	76239
v2	75937
v3	76451
v4	68664
v5	51406
