docker :  Container ptit_bigdata-bigdata-run-04af73fe4c15 Creating 
At line:3 char:3
+   docker compose run --rm bigdata python3 scripts/benchmark.py --matr ...
+   ~~~~~~~~~~~~~~~~~~~~~~~~~~~~~~~~~~~~~~~~~~~~~~~~~~~~~~~~~~~~~~~~~~~
    + CategoryInfo          : NotSpecified: ( Container ptit...e4c15 Creating :String) [], RemoteException
    + FullyQualifiedErrorId : NativeCommandError
 
 Container ptit_bigdata-bigdata-run-04af73fe4c15 Created 
Round 0: v1
Round 0: v5
Round 0: v3
Round 0: v4
Round 0: v2
Round 1: v5
Round 1: v2
Round 1: v1
Round 1: v4
Round 1: v3
Round 2: v4
Round 2: v1
Round 2: v3
Round 2: v2
Round 2: v5
Round 3: v4
Round 3: v3
Round 3: v2
Round 3: v5
Round 3: v1
Report: results/benchmark-reports/d700ad14bf4a
