docker :  Container ptit_bigdata-bigdata-run-ab7d3169cc0b Creating 
At line:1 char:371
+ ... t_bigdata"; docker compose run --rm bigdata python3 scripts/benchmark ...
+                 ~~~~~~~~~~~~~~~~~~~~~~~~~~~~~~~~~~~~~~~~~~~~~~~~~~~~~~~~~
    + CategoryInfo          : NotSpecified: ( Container ptit...9cc0b Creating :String) [], RemoteException
    + FullyQualifiedErrorId : NativeCommandError
 
 Container ptit_bigdata-bigdata-run-ab7d3169cc0b Created 
Round 0: v1
Round 0: v5
Round 0: v3
Round 0: v4
Round 0: v2
Round 1: v5
Round 1: v2
Round 1: v1
Round 1: v4
Round 1: v3
Round 2: v4
Round 2: v1
Round 2: v3
Round 2: v2
Round 2: v5
Round 3: v4
Round 3: v3
Round 3: v2
Round 3: v5
Round 3: v1
Report: results/benchmark-reports/4a650d42c2ab
