[INFO] Scanning for projects...
[INFO] 
[INFO] -----------------< vn.edu.bigdata:revenue-aggregation >-----------------
[INFO] Building revenue-aggregation 1.0.0
[INFO]   from pom.xml
[INFO] --------------------------------[ jar ]---------------------------------
[INFO] 
[INFO] --- enforcer:3.5.0:enforce (default) @ revenue-aggregation ---
[INFO] Rule 0: org.apache.maven.enforcer.rules.version.RequireJavaVersion passed
[INFO] 
[INFO] --- resources:3.3.1:resources (default-resources) @ revenue-aggregation ---
[INFO] Copying 1 resource from src\main\resources to target\classes
[INFO] 
[INFO] --- compiler:3.14.0:compile (default-compile) @ revenue-aggregation ---
[INFO] Recompiling the module because of changed source code.
[INFO] Compiling 56 source files with javac [debug release 17] to target\classes
[INFO] Annotation processing is enabled because one or more processors were found
  on the class path. A future release of javac may disable annotation processing
  unless at least one processor is specified by name (-processor), or a search
  path is specified (--processor-path, --processor-module-path), or annotation
  processing is enabled explicitly (-proc:only, -proc:full).
  Use -Xlint:-options to suppress this message.
  Use -proc:none to disable annotation processing.
[INFO] /E:/PTIT/PTIT Project Management/DLL/New/ptit_bigdata/src/main/java/vn/edu/bigdata/revenue/input/DatasetPreflight.java: Some input files use or override a deprecated API.
[INFO] /E:/PTIT/PTIT Project Management/DLL/New/ptit_bigdata/src/main/java/vn/edu/bigdata/revenue/input/DatasetPreflight.java: Recompile with -Xlint:deprecation for details.
[INFO] 
[INFO] --- resources:3.3.1:testResources (default-testResources) @ revenue-aggregation ---
[INFO] Copying 2 resources from src\test\resources to target\test-classes
[INFO] 
[INFO] --- compiler:3.14.0:testCompile (default-testCompile) @ revenue-aggregation ---
[INFO] Recompiling the module because of changed dependency.
[INFO] Compiling 14 source files with javac [debug release 17] to target\test-classes
[INFO] Annotation processing is enabled because one or more processors were found
  on the class path. A future release of javac may disable annotation processing
  unless at least one processor is specified by name (-processor), or a search
  path is specified (--processor-path, --processor-module-path), or annotation
  processing is enabled explicitly (-proc:only, -proc:full).
  Use -Xlint:-options to suppress this message.
  Use -proc:none to disable annotation processing.
[INFO] 
[INFO] --- surefire:3.5.3:test (default-test) @ revenue-aggregation ---
[INFO] Tests are skipped.
[INFO] 
[INFO] --- jar:3.4.1:jar (default-jar) @ revenue-aggregation ---
[INFO] Building jar: E:\PTIT\PTIT Project Management\DLL\New\ptit_bigdata\target\revenue-aggregation-spark.jar
[INFO] 
[INFO] --- shade:3.6.0:shade (default) @ revenue-aggregation ---
[INFO] Including org.apache.commons:commons-csv:jar:1.14.1 in the shaded jar.
[INFO] Including commons-io:commons-io:jar:2.20.0 in the shaded jar.
[INFO] Including commons-codec:commons-codec:jar:1.19.0 in the shaded jar.
[INFO] Including com.fasterxml.jackson.core:jackson-databind:jar:2.18.3 in the shaded jar.
[INFO] Including com.fasterxml.jackson.core:jackson-annotations:jar:2.18.3 in the shaded jar.
[INFO] Including com.fasterxml.jackson.core:jackson-core:jar:2.18.3 in the shaded jar.
[WARNING] jackson-annotations-2.18.3.jar, jackson-core-2.18.3.jar, jackson-databind-2.18.3.jar define 2 overlapping resources: 
[WARNING]   - META-INF/LICENSE
[WARNING]   - META-INF/NOTICE
[WARNING] commons-codec-1.19.0.jar, commons-csv-1.14.1.jar, commons-io-2.20.0.jar, jackson-annotations-2.18.3.jar, jackson-core-2.18.3.jar, jackson-databind-2.18.3.jar, revenue-aggregation-spark.jar define 1 overlapping resource: 
[WARNING]   - META-INF/MANIFEST.MF
[WARNING] commons-codec-1.19.0.jar, commons-csv-1.14.1.jar, commons-io-2.20.0.jar, jackson-core-2.18.3.jar, jackson-databind-2.18.3.jar define 1 overlapping classes: 
[WARNING]   - META-INF.versions.9.module-info
[WARNING] commons-codec-1.19.0.jar, commons-csv-1.14.1.jar, commons-io-2.20.0.jar define 2 overlapping resources: 
[WARNING]   - META-INF/LICENSE.txt
[WARNING]   - META-INF/NOTICE.txt
[WARNING] maven-shade-plugin has detected that some files are
[WARNING] present in two or more JARs. When this happens, only one
[WARNING] single version of the file is copied to the uber jar.
[WARNING] Usually this is not harmful and you can skip these warnings,
[WARNING] otherwise try to manually exclude artifacts based on
[WARNING] mvn dependency:tree -Ddetail=true and the above output.
[WARNING] See https://maven.apache.org/plugins/maven-shade-plugin/
[INFO] Replacing original artifact with shaded artifact.
[INFO] Replacing E:\PTIT\PTIT Project Management\DLL\New\ptit_bigdata\target\revenue-aggregation-spark.jar with E:\PTIT\PTIT Project Management\DLL\New\ptit_bigdata\target\revenue-aggregation-1.0.0-shaded.jar
[INFO] ------------------------------------------------------------------------
[INFO] BUILD SUCCESS
[INFO] ------------------------------------------------------------------------
[INFO] Total time:  12.476 s
[INFO] Finished at: 2026-10-06T04:48:52+07:00
[INFO] ------------------------------------------------------------------------
