WARNING: Using incubator modules: jdk.incubator.vector
Using Spark's default log4j profile: org/apache/spark/log4j2-defaults.properties
26/10/08 18:30:02 INFO SparkContext: Running Spark version 4.0.4
26/10/08 18:30:02 INFO SparkContext: OS info Linux, 6.18.40.1-microsoft-standard-WSL2, amd64
26/10/08 18:30:02 INFO SparkContext: Java version 21.0.9
26/10/08 18:30:03 WARN NativeCodeLoader: Unable to load native-hadoop library for your platform... using builtin-java classes where applicable
26/10/08 18:30:03 INFO ResourceUtils: ==============================================================
26/10/08 18:30:03 INFO ResourceUtils: No custom resources configured for spark.driver.
26/10/08 18:30:03 INFO ResourceUtils: ==============================================================
26/10/08 18:30:03 INFO SparkContext: Submitted application: vn.edu.bigdata.revenue.spark.SparkTool
26/10/08 18:30:03 INFO ResourceProfile: Default ResourceProfile created, executor resources: Map(cores -> name: cores, amount: 1, script: , vendor: , memory -> name: memory, amount: 1024, script: , vendor: , offHeap -> name: offHeap, amount: 0, script: , vendor: ), task resources: Map(cpus -> name: cpus, amount: 1.0)
26/10/08 18:30:03 INFO ResourceProfile: Limiting resource is cpu
26/10/08 18:30:03 INFO ResourceProfileManager: Added ResourceProfile id: 0
26/10/08 18:30:03 INFO SecurityManager: Changing view acls to: root,hadoop
26/10/08 18:30:03 INFO SecurityManager: Changing modify acls to: root,hadoop
26/10/08 18:30:03 INFO SecurityManager: Changing view acls groups to: root,hadoop
26/10/08 18:30:03 INFO SecurityManager: Changing modify acls groups to: root,hadoop
26/10/08 18:30:03 INFO SecurityManager: SecurityManager: authentication disabled; ui acls disabled; users with view permissions: root, hadoop groups with view permissions: EMPTY; users with modify permissions: root, hadoop; groups with modify permissions: EMPTY; RPC SSL disabled
26/10/08 18:30:04 INFO Utils: Successfully started service 'sparkDriver' on port 34721.
26/10/08 18:30:04 INFO SparkEnv: Registering MapOutputTracker
26/10/08 18:30:04 INFO SparkEnv: Registering BlockManagerMaster
26/10/08 18:30:04 INFO BlockManagerMasterEndpoint: Using org.apache.spark.storage.DefaultTopologyMapper for getting topology information
26/10/08 18:30:04 INFO BlockManagerMasterEndpoint: BlockManagerMasterEndpoint up
26/10/08 18:30:04 INFO SparkEnv: Registering BlockManagerMasterHeartbeat
26/10/08 18:30:04 INFO DiskBlockManager: Created local directory at /tmp/blockmgr-8c4f4370-085c-4c48-bca6-a7e479cf7842
26/10/08 18:30:04 INFO SparkEnv: Registering OutputCommitCoordinator
26/10/08 18:30:05 INFO JettyUtils: Start Jetty 0.0.0.0:4040 for SparkUI
26/10/08 18:30:05 INFO Utils: Successfully started service 'SparkUI' on port 4040.
26/10/08 18:30:05 INFO SparkContext: Added JAR file:/opt/app/revenue-aggregation-spark.jar at spark://e417ba1178c1:34721/jars/revenue-aggregation-spark.jar with timestamp 1791484202780
26/10/08 18:30:05 INFO SecurityManager: Changing view acls to: root,hadoop
26/10/08 18:30:05 INFO SecurityManager: Changing modify acls to: root,hadoop
26/10/08 18:30:05 INFO SecurityManager: Changing view acls groups to: root,hadoop
26/10/08 18:30:05 INFO SecurityManager: Changing modify acls groups to: root,hadoop
26/10/08 18:30:05 INFO SecurityManager: SecurityManager: authentication disabled; ui acls disabled; users with view permissions: root, hadoop groups with view permissions: EMPTY; users with modify permissions: root, hadoop; groups with modify permissions: EMPTY; RPC SSL disabled
26/10/08 18:30:05 INFO Executor: Starting executor ID driver on host e417ba1178c1
26/10/08 18:30:05 INFO Executor: OS info Linux, 6.18.40.1-microsoft-standard-WSL2, amd64
26/10/08 18:30:05 INFO Executor: Java version 21.0.9
26/10/08 18:30:05 INFO Executor: Starting executor with user classpath (userClassPathFirst = false): ''
26/10/08 18:30:05 INFO Executor: Created or updated repl class loader org.apache.spark.util.MutableURLClassLoader@259195fe for default.
26/10/08 18:30:06 INFO Executor: Fetching spark://e417ba1178c1:34721/jars/revenue-aggregation-spark.jar with timestamp 1791484202780
26/10/08 18:30:06 INFO TransportClientFactory: Successfully created connection to e417ba1178c1/172.23.0.4:34721 after 73 ms (0 ms spent in bootstraps)
26/10/08 18:30:06 INFO Utils: Fetching spark://e417ba1178c1:34721/jars/revenue-aggregation-spark.jar to /tmp/spark-fe7a64e0-25c9-419c-af55-9a8c824ef9ac/userFiles-3e22986d-a340-46c0-aae2-f1d085aa1ff1/fetchFileTemp11404577851045932619.tmp
26/10/08 18:30:06 INFO Executor: Adding file:/tmp/spark-fe7a64e0-25c9-419c-af55-9a8c824ef9ac/userFiles-3e22986d-a340-46c0-aae2-f1d085aa1ff1/revenue-aggregation-spark.jar to class loader default
26/10/08 18:30:06 INFO Utils: Successfully started service 'org.apache.spark.network.netty.NettyBlockTransferService' on port 39095.
26/10/08 18:30:06 INFO NettyBlockTransferService: Server created on e417ba1178c1:39095
26/10/08 18:30:06 INFO BlockManager: Using org.apache.spark.storage.RandomBlockReplicationPolicy for block replication policy
26/10/08 18:30:06 INFO BlockManagerMaster: Registering BlockManager BlockManagerId(driver, e417ba1178c1, 39095, None)
26/10/08 18:30:06 INFO BlockManagerMasterEndpoint: Registering block manager e417ba1178c1:39095 with 434.4 MiB RAM, BlockManagerId(driver, e417ba1178c1, 39095, None)
26/10/08 18:30:06 INFO BlockManagerMaster: Registered BlockManager BlockManagerId(driver, e417ba1178c1, 39095, None)
26/10/08 18:30:06 INFO BlockManager: Initialized BlockManager: BlockManagerId(driver, e417ba1178c1, 39095, None)
A1 xong: 20261008-183010-97bb8c2-dk1 groups=308 valid=7464 -> /data/ecommerce/agg/revenue_by_category/run_id=20261008-183010-97bb8c2-dk1
