WARNING: Using incubator modules: jdk.incubator.vector
Using Spark's default log4j profile: org/apache/spark/log4j2-defaults.properties
26/10/08 18:31:14 INFO SparkContext: Running Spark version 4.0.4
26/10/08 18:31:14 INFO SparkContext: OS info Linux, 6.18.40.1-microsoft-standard-WSL2, amd64
26/10/08 18:31:14 INFO SparkContext: Java version 21.0.9
26/10/08 18:31:14 WARN NativeCodeLoader: Unable to load native-hadoop library for your platform... using builtin-java classes where applicable
26/10/08 18:31:14 INFO ResourceUtils: ==============================================================
26/10/08 18:31:14 INFO ResourceUtils: No custom resources configured for spark.driver.
26/10/08 18:31:14 INFO ResourceUtils: ==============================================================
26/10/08 18:31:14 INFO SparkContext: Submitted application: vn.edu.bigdata.revenue.spark.SparkTool
26/10/08 18:31:14 INFO ResourceProfile: Default ResourceProfile created, executor resources: Map(cores -> name: cores, amount: 1, script: , vendor: , memory -> name: memory, amount: 1024, script: , vendor: , offHeap -> name: offHeap, amount: 0, script: , vendor: ), task resources: Map(cpus -> name: cpus, amount: 1.0)
26/10/08 18:31:14 INFO ResourceProfile: Limiting resource is cpu
26/10/08 18:31:14 INFO ResourceProfileManager: Added ResourceProfile id: 0
26/10/08 18:31:14 INFO SecurityManager: Changing view acls to: root,hadoop
26/10/08 18:31:14 INFO SecurityManager: Changing modify acls to: root,hadoop
26/10/08 18:31:14 INFO SecurityManager: Changing view acls groups to: root,hadoop
26/10/08 18:31:14 INFO SecurityManager: Changing modify acls groups to: root,hadoop
26/10/08 18:31:14 INFO SecurityManager: SecurityManager: authentication disabled; ui acls disabled; users with view permissions: root, hadoop groups with view permissions: EMPTY; users with modify permissions: root, hadoop; groups with modify permissions: EMPTY; RPC SSL disabled
26/10/08 18:31:15 INFO Utils: Successfully started service 'sparkDriver' on port 36677.
26/10/08 18:31:15 INFO SparkEnv: Registering MapOutputTracker
26/10/08 18:31:15 INFO SparkEnv: Registering BlockManagerMaster
26/10/08 18:31:15 INFO BlockManagerMasterEndpoint: Using org.apache.spark.storage.DefaultTopologyMapper for getting topology information
26/10/08 18:31:15 INFO BlockManagerMasterEndpoint: BlockManagerMasterEndpoint up
26/10/08 18:31:15 INFO SparkEnv: Registering BlockManagerMasterHeartbeat
26/10/08 18:31:15 INFO DiskBlockManager: Created local directory at /tmp/blockmgr-6ca2b387-8275-49b4-82c3-73d5433071fb
26/10/08 18:31:15 INFO SparkEnv: Registering OutputCommitCoordinator
26/10/08 18:31:15 INFO JettyUtils: Start Jetty 0.0.0.0:4040 for SparkUI
26/10/08 18:31:15 INFO Utils: Successfully started service 'SparkUI' on port 4040.
26/10/08 18:31:15 INFO SparkContext: Added JAR file:/opt/app/revenue-aggregation-spark.jar at spark://e417ba1178c1:36677/jars/revenue-aggregation-spark.jar with timestamp 1791484274408
26/10/08 18:31:15 INFO SecurityManager: Changing view acls to: root,hadoop
26/10/08 18:31:15 INFO SecurityManager: Changing modify acls to: root,hadoop
26/10/08 18:31:15 INFO SecurityManager: Changing view acls groups to: root,hadoop
26/10/08 18:31:15 INFO SecurityManager: Changing modify acls groups to: root,hadoop
26/10/08 18:31:15 INFO SecurityManager: SecurityManager: authentication disabled; ui acls disabled; users with view permissions: root, hadoop groups with view permissions: EMPTY; users with modify permissions: root, hadoop; groups with modify permissions: EMPTY; RPC SSL disabled
26/10/08 18:31:16 INFO Executor: Starting executor ID driver on host e417ba1178c1
26/10/08 18:31:16 INFO Executor: OS info Linux, 6.18.40.1-microsoft-standard-WSL2, amd64
26/10/08 18:31:16 INFO Executor: Java version 21.0.9
26/10/08 18:31:16 INFO Executor: Starting executor with user classpath (userClassPathFirst = false): ''
26/10/08 18:31:16 INFO Executor: Created or updated repl class loader org.apache.spark.util.MutableURLClassLoader@259195fe for default.
26/10/08 18:31:16 INFO Executor: Fetching spark://e417ba1178c1:36677/jars/revenue-aggregation-spark.jar with timestamp 1791484274408
26/10/08 18:31:16 INFO TransportClientFactory: Successfully created connection to e417ba1178c1/172.23.0.4:36677 after 30 ms (0 ms spent in bootstraps)
26/10/08 18:31:16 INFO Utils: Fetching spark://e417ba1178c1:36677/jars/revenue-aggregation-spark.jar to /tmp/spark-a5b5eb2f-a01f-47a8-87ca-611af688e03d/userFiles-a6d7e891-8463-405a-965f-c94536babe1d/fetchFileTemp17830793559731684762.tmp
26/10/08 18:31:16 INFO Executor: Adding file:/tmp/spark-a5b5eb2f-a01f-47a8-87ca-611af688e03d/userFiles-a6d7e891-8463-405a-965f-c94536babe1d/revenue-aggregation-spark.jar to class loader default
26/10/08 18:31:16 INFO Utils: Successfully started service 'org.apache.spark.network.netty.NettyBlockTransferService' on port 44947.
26/10/08 18:31:16 INFO NettyBlockTransferService: Server created on e417ba1178c1:44947
26/10/08 18:31:16 INFO BlockManager: Using org.apache.spark.storage.RandomBlockReplicationPolicy for block replication policy
26/10/08 18:31:16 INFO BlockManagerMaster: Registering BlockManager BlockManagerId(driver, e417ba1178c1, 44947, None)
26/10/08 18:31:16 INFO BlockManagerMasterEndpoint: Registering block manager e417ba1178c1:44947 with 434.4 MiB RAM, BlockManagerId(driver, e417ba1178c1, 44947, None)
26/10/08 18:31:16 INFO BlockManagerMaster: Registered BlockManager BlockManagerId(driver, e417ba1178c1, 44947, None)
26/10/08 18:31:16 INFO BlockManager: Initialized BlockManager: BlockManagerId(driver, e417ba1178c1, 44947, None)
A2-A5 xong: 20261008-183118-97bb8c2-dk1 {funnel_by_category={rows=595, events=424609, purchases=7464}, trend_by_hour={rows=743, events=424609, purchases=7464}, funnel_by_brand={rows=2474, events=424609, purchases=7464}} {curatedRows=424609, a1PurchaseCount=7464, a2PurchasesValidCategory=7464, a1EqualsA2=true}
