WARNING: Using incubator modules: jdk.incubator.vector
Using Spark's default log4j profile: org/apache/spark/log4j2-defaults.properties
26/10/08 18:30:31 INFO SparkContext: Running Spark version 4.0.4
26/10/08 18:30:31 INFO SparkContext: OS info Linux, 6.18.40.1-microsoft-standard-WSL2, amd64
26/10/08 18:30:31 INFO SparkContext: Java version 21.0.9
26/10/08 18:30:31 WARN NativeCodeLoader: Unable to load native-hadoop library for your platform... using builtin-java classes where applicable
26/10/08 18:30:31 INFO ResourceUtils: ==============================================================
26/10/08 18:30:31 INFO ResourceUtils: No custom resources configured for spark.driver.
26/10/08 18:30:31 INFO ResourceUtils: ==============================================================
26/10/08 18:30:31 INFO SparkContext: Submitted application: vn.edu.bigdata.revenue.spark.SparkTool
26/10/08 18:30:31 INFO ResourceProfile: Default ResourceProfile created, executor resources: Map(cores -> name: cores, amount: 1, script: , vendor: , memory -> name: memory, amount: 1024, script: , vendor: , offHeap -> name: offHeap, amount: 0, script: , vendor: ), task resources: Map(cpus -> name: cpus, amount: 1.0)
26/10/08 18:30:31 INFO ResourceProfile: Limiting resource is cpu
26/10/08 18:30:31 INFO ResourceProfileManager: Added ResourceProfile id: 0
26/10/08 18:30:31 INFO SecurityManager: Changing view acls to: root,hadoop
26/10/08 18:30:31 INFO SecurityManager: Changing modify acls to: root,hadoop
26/10/08 18:30:31 INFO SecurityManager: Changing view acls groups to: root,hadoop
26/10/08 18:30:31 INFO SecurityManager: Changing modify acls groups to: root,hadoop
26/10/08 18:30:31 INFO SecurityManager: SecurityManager: authentication disabled; ui acls disabled; users with view permissions: root, hadoop groups with view permissions: EMPTY; users with modify permissions: root, hadoop; groups with modify permissions: EMPTY; RPC SSL disabled
26/10/08 18:30:31 INFO Utils: Successfully started service 'sparkDriver' on port 38743.
26/10/08 18:30:31 INFO SparkEnv: Registering MapOutputTracker
26/10/08 18:30:31 INFO SparkEnv: Registering BlockManagerMaster
26/10/08 18:30:31 INFO BlockManagerMasterEndpoint: Using org.apache.spark.storage.DefaultTopologyMapper for getting topology information
26/10/08 18:30:31 INFO BlockManagerMasterEndpoint: BlockManagerMasterEndpoint up
26/10/08 18:30:31 INFO SparkEnv: Registering BlockManagerMasterHeartbeat
26/10/08 18:30:31 INFO DiskBlockManager: Created local directory at /tmp/blockmgr-6bc248f4-c2f5-4d04-b8d6-f327151a8ec3
26/10/08 18:30:31 INFO SparkEnv: Registering OutputCommitCoordinator
26/10/08 18:30:32 INFO JettyUtils: Start Jetty 0.0.0.0:4040 for SparkUI
26/10/08 18:30:32 INFO Utils: Successfully started service 'SparkUI' on port 4040.
26/10/08 18:30:32 INFO SparkContext: Added JAR file:/opt/app/revenue-aggregation-spark.jar at spark://e417ba1178c1:38743/jars/revenue-aggregation-spark.jar with timestamp 1791484231224
26/10/08 18:30:32 INFO SecurityManager: Changing view acls to: root,hadoop
26/10/08 18:30:32 INFO SecurityManager: Changing modify acls to: root,hadoop
26/10/08 18:30:32 INFO SecurityManager: Changing view acls groups to: root,hadoop
26/10/08 18:30:32 INFO SecurityManager: Changing modify acls groups to: root,hadoop
26/10/08 18:30:32 INFO SecurityManager: SecurityManager: authentication disabled; ui acls disabled; users with view permissions: root, hadoop groups with view permissions: EMPTY; users with modify permissions: root, hadoop; groups with modify permissions: EMPTY; RPC SSL disabled
26/10/08 18:30:32 INFO Executor: Starting executor ID driver on host e417ba1178c1
26/10/08 18:30:32 INFO Executor: OS info Linux, 6.18.40.1-microsoft-standard-WSL2, amd64
26/10/08 18:30:32 INFO Executor: Java version 21.0.9
26/10/08 18:30:32 INFO Executor: Starting executor with user classpath (userClassPathFirst = false): ''
26/10/08 18:30:32 INFO Executor: Created or updated repl class loader org.apache.spark.util.MutableURLClassLoader@5e3d2765 for default.
26/10/08 18:30:32 INFO Executor: Fetching spark://e417ba1178c1:38743/jars/revenue-aggregation-spark.jar with timestamp 1791484231224
26/10/08 18:30:32 INFO TransportClientFactory: Successfully created connection to e417ba1178c1/172.23.0.4:38743 after 38 ms (0 ms spent in bootstraps)
26/10/08 18:30:32 INFO Utils: Fetching spark://e417ba1178c1:38743/jars/revenue-aggregation-spark.jar to /tmp/spark-1a6247c3-fcd6-4e84-8779-c6b1b8ecf9c7/userFiles-f6264335-0714-4cd5-b7ff-6eb0414821a5/fetchFileTemp6683933148687313781.tmp
26/10/08 18:30:32 INFO Executor: Adding file:/tmp/spark-1a6247c3-fcd6-4e84-8779-c6b1b8ecf9c7/userFiles-f6264335-0714-4cd5-b7ff-6eb0414821a5/revenue-aggregation-spark.jar to class loader default
26/10/08 18:30:32 INFO Utils: Successfully started service 'org.apache.spark.network.netty.NettyBlockTransferService' on port 45475.
26/10/08 18:30:32 INFO NettyBlockTransferService: Server created on e417ba1178c1:45475
26/10/08 18:30:32 INFO BlockManager: Using org.apache.spark.storage.RandomBlockReplicationPolicy for block replication policy
26/10/08 18:30:32 INFO BlockManagerMaster: Registering BlockManager BlockManagerId(driver, e417ba1178c1, 45475, None)
26/10/08 18:30:32 INFO BlockManagerMasterEndpoint: Registering block manager e417ba1178c1:45475 with 434.4 MiB RAM, BlockManagerId(driver, e417ba1178c1, 45475, None)
26/10/08 18:30:32 INFO BlockManagerMaster: Registered BlockManager BlockManagerId(driver, e417ba1178c1, 45475, None)
26/10/08 18:30:32 INFO BlockManager: Initialized BlockManager: BlockManagerId(driver, e417ba1178c1, 45475, None)
ETL xong: 20261008-183034-97bb8c2-dk1 in=424610 valid=424609 rejected={HEADER=1} -> /data/ecommerce/curated/events/run_id=20261008-183034-97bb8c2-dk1
