WARNING: Using incubator modules: jdk.incubator.vector
Using Spark's default log4j profile: org/apache/spark/log4j2-defaults.properties
26/10/08 18:50:25 INFO SparkContext: Running Spark version 4.0.4
26/10/08 18:50:25 INFO SparkContext: OS info Linux, 6.18.40.1-microsoft-standard-WSL2, amd64
26/10/08 18:50:25 INFO SparkContext: Java version 21.0.9
26/10/08 18:50:25 WARN NativeCodeLoader: Unable to load native-hadoop library for your platform... using builtin-java classes where applicable
26/10/08 18:50:25 INFO ResourceUtils: ==============================================================
26/10/08 18:50:25 INFO ResourceUtils: No custom resources configured for spark.driver.
26/10/08 18:50:25 INFO ResourceUtils: ==============================================================
26/10/08 18:50:25 INFO SparkContext: Submitted application: vn.edu.bigdata.revenue.spark.SparkTool
26/10/08 18:50:25 INFO ResourceProfile: Default ResourceProfile created, executor resources: Map(cores -> name: cores, amount: 1, script: , vendor: , memory -> name: memory, amount: 1024, script: , vendor: , offHeap -> name: offHeap, amount: 0, script: , vendor: ), task resources: Map(cpus -> name: cpus, amount: 1.0)
26/10/08 18:50:25 INFO ResourceProfile: Limiting resource is cpu
26/10/08 18:50:25 INFO ResourceProfileManager: Added ResourceProfile id: 0
26/10/08 18:50:25 INFO SecurityManager: Changing view acls to: root,hadoop
26/10/08 18:50:25 INFO SecurityManager: Changing modify acls to: root,hadoop
26/10/08 18:50:25 INFO SecurityManager: Changing view acls groups to: root,hadoop
26/10/08 18:50:25 INFO SecurityManager: Changing modify acls groups to: root,hadoop
26/10/08 18:50:25 INFO SecurityManager: SecurityManager: authentication disabled; ui acls disabled; users with view permissions: root, hadoop groups with view permissions: EMPTY; users with modify permissions: root, hadoop; groups with modify permissions: EMPTY; RPC SSL disabled
26/10/08 18:50:25 INFO Utils: Successfully started service 'sparkDriver' on port 36281.
26/10/08 18:50:25 INFO SparkEnv: Registering MapOutputTracker
26/10/08 18:50:26 INFO SparkEnv: Registering BlockManagerMaster
26/10/08 18:50:26 INFO BlockManagerMasterEndpoint: Using org.apache.spark.storage.DefaultTopologyMapper for getting topology information
26/10/08 18:50:26 INFO BlockManagerMasterEndpoint: BlockManagerMasterEndpoint up
26/10/08 18:50:26 INFO SparkEnv: Registering BlockManagerMasterHeartbeat
26/10/08 18:50:26 INFO DiskBlockManager: Created local directory at /tmp/blockmgr-bf4cad05-1098-48cb-a8c5-72e3beac66fe
26/10/08 18:50:26 INFO SparkEnv: Registering OutputCommitCoordinator
26/10/08 18:50:26 INFO JettyUtils: Start Jetty 0.0.0.0:4040 for SparkUI
26/10/08 18:50:26 INFO Utils: Successfully started service 'SparkUI' on port 4040.
26/10/08 18:50:26 INFO SparkContext: Added JAR file:/opt/app/revenue-aggregation-spark.jar at spark://2f901bbcd155:36281/jars/revenue-aggregation-spark.jar with timestamp 1791485425092
26/10/08 18:50:26 INFO SecurityManager: Changing view acls to: root,hadoop
26/10/08 18:50:26 INFO SecurityManager: Changing modify acls to: root,hadoop
26/10/08 18:50:26 INFO SecurityManager: Changing view acls groups to: root,hadoop
26/10/08 18:50:26 INFO SecurityManager: Changing modify acls groups to: root,hadoop
26/10/08 18:50:26 INFO SecurityManager: SecurityManager: authentication disabled; ui acls disabled; users with view permissions: root, hadoop groups with view permissions: EMPTY; users with modify permissions: root, hadoop; groups with modify permissions: EMPTY; RPC SSL disabled
26/10/08 18:50:26 INFO Executor: Starting executor ID driver on host 2f901bbcd155
26/10/08 18:50:26 INFO Executor: OS info Linux, 6.18.40.1-microsoft-standard-WSL2, amd64
26/10/08 18:50:26 INFO Executor: Java version 21.0.9
26/10/08 18:50:26 INFO Executor: Starting executor with user classpath (userClassPathFirst = false): ''
26/10/08 18:50:26 INFO Executor: Created or updated repl class loader org.apache.spark.util.MutableURLClassLoader@259195fe for default.
26/10/08 18:50:26 INFO Executor: Fetching spark://2f901bbcd155:36281/jars/revenue-aggregation-spark.jar with timestamp 1791485425092
26/10/08 18:50:26 INFO TransportClientFactory: Successfully created connection to 2f901bbcd155/172.23.0.4:36281 after 44 ms (0 ms spent in bootstraps)
26/10/08 18:50:26 INFO Utils: Fetching spark://2f901bbcd155:36281/jars/revenue-aggregation-spark.jar to /tmp/spark-9a2bd4fe-23fd-4d92-82bc-c188ab5c8086/userFiles-4a6b66cd-9730-4a68-8408-7b4bfadc27c6/fetchFileTemp5854302532950291628.tmp
26/10/08 18:50:27 INFO Executor: Adding file:/tmp/spark-9a2bd4fe-23fd-4d92-82bc-c188ab5c8086/userFiles-4a6b66cd-9730-4a68-8408-7b4bfadc27c6/revenue-aggregation-spark.jar to class loader default
26/10/08 18:50:27 INFO Utils: Successfully started service 'org.apache.spark.network.netty.NettyBlockTransferService' on port 34195.
26/10/08 18:50:27 INFO NettyBlockTransferService: Server created on 2f901bbcd155:34195
26/10/08 18:50:27 INFO BlockManager: Using org.apache.spark.storage.RandomBlockReplicationPolicy for block replication policy
26/10/08 18:50:27 INFO BlockManagerMaster: Registering BlockManager BlockManagerId(driver, 2f901bbcd155, 34195, None)
26/10/08 18:50:27 INFO BlockManagerMasterEndpoint: Registering block manager 2f901bbcd155:34195 with 434.4 MiB RAM, BlockManagerId(driver, 2f901bbcd155, 34195, None)
26/10/08 18:50:27 INFO BlockManagerMaster: Registered BlockManager BlockManagerId(driver, 2f901bbcd155, 34195, None)
26/10/08 18:50:27 INFO BlockManager: Initialized BlockManager: BlockManagerId(driver, 2f901bbcd155, 34195, None)
Labels xong: 20261008-185029-97bb8c2-dk2 {test={rows=13894, positives=3328, positiveRate=0.23952785374982008}, train={rows=13250, positives=3558, positiveRate=0.26852830188679244}}
