WARNING: Using incubator modules: jdk.incubator.vector
Using Spark's default log4j profile: org/apache/spark/log4j2-defaults.properties
26/10/08 18:41:56 INFO SparkContext: Running Spark version 4.0.4
26/10/08 18:41:56 INFO SparkContext: OS info Linux, 6.18.40.1-microsoft-standard-WSL2, amd64
26/10/08 18:41:56 INFO SparkContext: Java version 21.0.9
26/10/08 18:41:56 WARN NativeCodeLoader: Unable to load native-hadoop library for your platform... using builtin-java classes where applicable
26/10/08 18:41:56 INFO ResourceUtils: ==============================================================
26/10/08 18:41:56 INFO ResourceUtils: No custom resources configured for spark.driver.
26/10/08 18:41:56 INFO ResourceUtils: ==============================================================
26/10/08 18:41:56 INFO SparkContext: Submitted application: vn.edu.bigdata.revenue.spark.SparkTool
26/10/08 18:41:56 INFO ResourceProfile: Default ResourceProfile created, executor resources: Map(cores -> name: cores, amount: 1, script: , vendor: , memory -> name: memory, amount: 1024, script: , vendor: , offHeap -> name: offHeap, amount: 0, script: , vendor: ), task resources: Map(cpus -> name: cpus, amount: 1.0)
26/10/08 18:41:56 INFO ResourceProfile: Limiting resource is cpu
26/10/08 18:41:56 INFO ResourceProfileManager: Added ResourceProfile id: 0
26/10/08 18:41:56 INFO SecurityManager: Changing view acls to: root,hadoop
26/10/08 18:41:56 INFO SecurityManager: Changing modify acls to: root,hadoop
26/10/08 18:41:56 INFO SecurityManager: Changing view acls groups to: root,hadoop
26/10/08 18:41:56 INFO SecurityManager: Changing modify acls groups to: root,hadoop
26/10/08 18:41:56 INFO SecurityManager: SecurityManager: authentication disabled; ui acls disabled; users with view permissions: root, hadoop groups with view permissions: EMPTY; users with modify permissions: root, hadoop; groups with modify permissions: EMPTY; RPC SSL disabled
26/10/08 18:41:56 INFO Utils: Successfully started service 'sparkDriver' on port 33877.
26/10/08 18:41:56 INFO SparkEnv: Registering MapOutputTracker
26/10/08 18:41:56 INFO SparkEnv: Registering BlockManagerMaster
26/10/08 18:41:56 INFO BlockManagerMasterEndpoint: Using org.apache.spark.storage.DefaultTopologyMapper for getting topology information
26/10/08 18:41:56 INFO BlockManagerMasterEndpoint: BlockManagerMasterEndpoint up
26/10/08 18:41:56 INFO SparkEnv: Registering BlockManagerMasterHeartbeat
26/10/08 18:41:56 INFO DiskBlockManager: Created local directory at /tmp/blockmgr-7788badd-c717-49f6-9ce4-1fe831518120
26/10/08 18:41:56 INFO SparkEnv: Registering OutputCommitCoordinator
26/10/08 18:41:56 INFO JettyUtils: Start Jetty 0.0.0.0:4040 for SparkUI
26/10/08 18:41:56 INFO Utils: Successfully started service 'SparkUI' on port 4040.
26/10/08 18:41:57 INFO SparkContext: Added JAR file:/opt/app/revenue-aggregation-spark.jar at spark://2f901bbcd155:33877/jars/revenue-aggregation-spark.jar with timestamp 1791484915994
26/10/08 18:41:57 INFO SecurityManager: Changing view acls to: root,hadoop
26/10/08 18:41:57 INFO SecurityManager: Changing modify acls to: root,hadoop
26/10/08 18:41:57 INFO SecurityManager: Changing view acls groups to: root,hadoop
26/10/08 18:41:57 INFO SecurityManager: Changing modify acls groups to: root,hadoop
26/10/08 18:41:57 INFO SecurityManager: SecurityManager: authentication disabled; ui acls disabled; users with view permissions: root, hadoop groups with view permissions: EMPTY; users with modify permissions: root, hadoop; groups with modify permissions: EMPTY; RPC SSL disabled
26/10/08 18:41:57 INFO Executor: Starting executor ID driver on host 2f901bbcd155
26/10/08 18:41:57 INFO Executor: OS info Linux, 6.18.40.1-microsoft-standard-WSL2, amd64
26/10/08 18:41:57 INFO Executor: Java version 21.0.9
26/10/08 18:41:57 INFO Executor: Starting executor with user classpath (userClassPathFirst = false): ''
26/10/08 18:41:57 INFO Executor: Created or updated repl class loader org.apache.spark.util.MutableURLClassLoader@7910f355 for default.
26/10/08 18:41:57 INFO Executor: Fetching spark://2f901bbcd155:33877/jars/revenue-aggregation-spark.jar with timestamp 1791484915994
26/10/08 18:41:57 INFO TransportClientFactory: Successfully created connection to 2f901bbcd155/172.23.0.4:33877 after 33 ms (0 ms spent in bootstraps)
26/10/08 18:41:57 INFO Utils: Fetching spark://2f901bbcd155:33877/jars/revenue-aggregation-spark.jar to /tmp/spark-ccc51459-de75-431a-a9e3-2d9185e4cafd/userFiles-beb9b258-6e86-43bd-b4fc-02f173078e3a/fetchFileTemp2406386631759412663.tmp
26/10/08 18:41:57 INFO Executor: Adding file:/tmp/spark-ccc51459-de75-431a-a9e3-2d9185e4cafd/userFiles-beb9b258-6e86-43bd-b4fc-02f173078e3a/revenue-aggregation-spark.jar to class loader default
26/10/08 18:41:57 INFO Utils: Successfully started service 'org.apache.spark.network.netty.NettyBlockTransferService' on port 45283.
26/10/08 18:41:57 INFO NettyBlockTransferService: Server created on 2f901bbcd155:45283
26/10/08 18:41:57 INFO BlockManager: Using org.apache.spark.storage.RandomBlockReplicationPolicy for block replication policy
26/10/08 18:41:57 INFO BlockManagerMaster: Registering BlockManager BlockManagerId(driver, 2f901bbcd155, 45283, None)
26/10/08 18:41:57 INFO BlockManagerMasterEndpoint: Registering block manager 2f901bbcd155:45283 with 434.4 MiB RAM, BlockManagerId(driver, 2f901bbcd155, 45283, None)
26/10/08 18:41:57 INFO BlockManagerMaster: Registered BlockManager BlockManagerId(driver, 2f901bbcd155, 45283, None)
26/10/08 18:41:57 INFO BlockManager: Initialized BlockManager: BlockManagerId(driver, 2f901bbcd155, 45283, None)
ETL xong: 20261008-184159-97bb8c2-dk2 in=4246194 valid=4246193 rejected={HEADER=1} -> /data/ecommerce/curated/events/run_id=20261008-184159-97bb8c2-dk2
