WARNING: Using incubator modules: jdk.incubator.vector
Using Spark's default log4j profile: org/apache/spark/log4j2-defaults.properties
26/10/08 18:46:22 INFO SparkContext: Running Spark version 4.0.4
26/10/08 18:46:22 INFO SparkContext: OS info Linux, 6.18.40.1-microsoft-standard-WSL2, amd64
26/10/08 18:46:22 INFO SparkContext: Java version 21.0.9
26/10/08 18:46:22 WARN NativeCodeLoader: Unable to load native-hadoop library for your platform... using builtin-java classes where applicable
26/10/08 18:46:22 INFO ResourceUtils: ==============================================================
26/10/08 18:46:22 INFO ResourceUtils: No custom resources configured for spark.driver.
26/10/08 18:46:22 INFO ResourceUtils: ==============================================================
26/10/08 18:46:22 INFO SparkContext: Submitted application: vn.edu.bigdata.revenue.spark.SparkTool
26/10/08 18:46:22 INFO ResourceProfile: Default ResourceProfile created, executor resources: Map(cores -> name: cores, amount: 1, script: , vendor: , memory -> name: memory, amount: 1024, script: , vendor: , offHeap -> name: offHeap, amount: 0, script: , vendor: ), task resources: Map(cpus -> name: cpus, amount: 1.0)
26/10/08 18:46:22 INFO ResourceProfile: Limiting resource is cpu
26/10/08 18:46:22 INFO ResourceProfileManager: Added ResourceProfile id: 0
26/10/08 18:46:22 INFO SecurityManager: Changing view acls to: root,hadoop
26/10/08 18:46:22 INFO SecurityManager: Changing modify acls to: root,hadoop
26/10/08 18:46:22 INFO SecurityManager: Changing view acls groups to: root,hadoop
26/10/08 18:46:22 INFO SecurityManager: Changing modify acls groups to: root,hadoop
26/10/08 18:46:22 INFO SecurityManager: SecurityManager: authentication disabled; ui acls disabled; users with view permissions: root, hadoop groups with view permissions: EMPTY; users with modify permissions: root, hadoop; groups with modify permissions: EMPTY; RPC SSL disabled
26/10/08 18:46:23 INFO Utils: Successfully started service 'sparkDriver' on port 36341.
26/10/08 18:46:23 INFO SparkEnv: Registering MapOutputTracker
26/10/08 18:46:23 INFO SparkEnv: Registering BlockManagerMaster
26/10/08 18:46:23 INFO BlockManagerMasterEndpoint: Using org.apache.spark.storage.DefaultTopologyMapper for getting topology information
26/10/08 18:46:23 INFO BlockManagerMasterEndpoint: BlockManagerMasterEndpoint up
26/10/08 18:46:23 INFO SparkEnv: Registering BlockManagerMasterHeartbeat
26/10/08 18:46:23 INFO DiskBlockManager: Created local directory at /tmp/blockmgr-6b2a7022-d1cd-4f34-9e35-a619485133b6
26/10/08 18:46:23 INFO SparkEnv: Registering OutputCommitCoordinator
26/10/08 18:46:23 INFO JettyUtils: Start Jetty 0.0.0.0:4040 for SparkUI
26/10/08 18:46:24 INFO Utils: Successfully started service 'SparkUI' on port 4040.
26/10/08 18:46:24 INFO SparkContext: Added JAR file:/opt/app/revenue-aggregation-spark.jar at spark://2f901bbcd155:36341/jars/revenue-aggregation-spark.jar with timestamp 1791485182075
26/10/08 18:46:24 INFO SecurityManager: Changing view acls to: root,hadoop
26/10/08 18:46:24 INFO SecurityManager: Changing modify acls to: root,hadoop
26/10/08 18:46:24 INFO SecurityManager: Changing view acls groups to: root,hadoop
26/10/08 18:46:24 INFO SecurityManager: Changing modify acls groups to: root,hadoop
26/10/08 18:46:24 INFO SecurityManager: SecurityManager: authentication disabled; ui acls disabled; users with view permissions: root, hadoop groups with view permissions: EMPTY; users with modify permissions: root, hadoop; groups with modify permissions: EMPTY; RPC SSL disabled
26/10/08 18:46:24 INFO Executor: Starting executor ID driver on host 2f901bbcd155
26/10/08 18:46:24 INFO Executor: OS info Linux, 6.18.40.1-microsoft-standard-WSL2, amd64
26/10/08 18:46:24 INFO Executor: Java version 21.0.9
26/10/08 18:46:24 INFO Executor: Starting executor with user classpath (userClassPathFirst = false): ''
26/10/08 18:46:24 INFO Executor: Created or updated repl class loader org.apache.spark.util.MutableURLClassLoader@5e3d2765 for default.
26/10/08 18:46:24 INFO Executor: Fetching spark://2f901bbcd155:36341/jars/revenue-aggregation-spark.jar with timestamp 1791485182075
26/10/08 18:46:24 INFO TransportClientFactory: Successfully created connection to 2f901bbcd155/172.23.0.4:36341 after 60 ms (0 ms spent in bootstraps)
26/10/08 18:46:24 INFO Utils: Fetching spark://2f901bbcd155:36341/jars/revenue-aggregation-spark.jar to /tmp/spark-79f50c05-f557-48aa-b8b3-509dc61e6734/userFiles-446a4d60-07ea-462c-a277-5b34b26ea9a2/fetchFileTemp9407117300000584175.tmp
26/10/08 18:46:24 INFO Executor: Adding file:/tmp/spark-79f50c05-f557-48aa-b8b3-509dc61e6734/userFiles-446a4d60-07ea-462c-a277-5b34b26ea9a2/revenue-aggregation-spark.jar to class loader default
26/10/08 18:46:24 INFO Utils: Successfully started service 'org.apache.spark.network.netty.NettyBlockTransferService' on port 36779.
26/10/08 18:46:24 INFO NettyBlockTransferService: Server created on 2f901bbcd155:36779
26/10/08 18:46:24 INFO BlockManager: Using org.apache.spark.storage.RandomBlockReplicationPolicy for block replication policy
26/10/08 18:46:24 INFO BlockManagerMaster: Registering BlockManager BlockManagerId(driver, 2f901bbcd155, 36779, None)
26/10/08 18:46:24 INFO BlockManagerMasterEndpoint: Registering block manager 2f901bbcd155:36779 with 434.4 MiB RAM, BlockManagerId(driver, 2f901bbcd155, 36779, None)
26/10/08 18:46:24 INFO BlockManagerMaster: Registered BlockManager BlockManagerId(driver, 2f901bbcd155, 36779, None)
26/10/08 18:46:24 INFO BlockManager: Initialized BlockManager: BlockManagerId(driver, 2f901bbcd155, 36779, None)
26/10/08 18:50:13 WARN SparkStringUtils: Truncated the string representation of a plan since it was too large. This behavior can be adjusted by setting 'spark.sql.debug.maxToStringFields'.
Features xong: 20261008-184627-97bb8c2-dk2 products=125128 kept=25084 (views>=20)
