WARNING: Using incubator modules: jdk.incubator.vector
Using Spark's default log4j profile: org/apache/spark/log4j2-defaults.properties
26/10/08 19:23:04 INFO SparkContext: Running Spark version 4.0.4
26/10/08 19:23:04 INFO SparkContext: OS info Linux, 6.18.40.1-microsoft-standard-WSL2, amd64
26/10/08 19:23:04 INFO SparkContext: Java version 21.0.9
26/10/08 19:23:04 WARN NativeCodeLoader: Unable to load native-hadoop library for your platform... using builtin-java classes where applicable
26/10/08 19:23:04 INFO ResourceUtils: ==============================================================
26/10/08 19:23:04 INFO ResourceUtils: No custom resources configured for spark.driver.
26/10/08 19:23:04 INFO ResourceUtils: ==============================================================
26/10/08 19:23:04 INFO SparkContext: Submitted application: vn.edu.bigdata.revenue.spark.SparkTool
26/10/08 19:23:04 INFO ResourceProfile: Default ResourceProfile created, executor resources: Map(cores -> name: cores, amount: 1, script: , vendor: , memory -> name: memory, amount: 1024, script: , vendor: , offHeap -> name: offHeap, amount: 0, script: , vendor: ), task resources: Map(cpus -> name: cpus, amount: 1.0)
26/10/08 19:23:04 INFO ResourceProfile: Limiting resource is cpu
26/10/08 19:23:04 INFO ResourceProfileManager: Added ResourceProfile id: 0
26/10/08 19:23:04 INFO SecurityManager: Changing view acls to: root,hadoop
26/10/08 19:23:04 INFO SecurityManager: Changing modify acls to: root,hadoop
26/10/08 19:23:04 INFO SecurityManager: Changing view acls groups to: root,hadoop
26/10/08 19:23:04 INFO SecurityManager: Changing modify acls groups to: root,hadoop
26/10/08 19:23:04 INFO SecurityManager: SecurityManager: authentication disabled; ui acls disabled; users with view permissions: root, hadoop groups with view permissions: EMPTY; users with modify permissions: root, hadoop; groups with modify permissions: EMPTY; RPC SSL disabled
26/10/08 19:23:05 INFO Utils: Successfully started service 'sparkDriver' on port 34549.
26/10/08 19:23:05 INFO SparkEnv: Registering MapOutputTracker
26/10/08 19:23:05 INFO SparkEnv: Registering BlockManagerMaster
26/10/08 19:23:05 INFO BlockManagerMasterEndpoint: Using org.apache.spark.storage.DefaultTopologyMapper for getting topology information
26/10/08 19:23:05 INFO BlockManagerMasterEndpoint: BlockManagerMasterEndpoint up
26/10/08 19:23:05 INFO SparkEnv: Registering BlockManagerMasterHeartbeat
26/10/08 19:23:05 INFO DiskBlockManager: Created local directory at /tmp/blockmgr-9b7f0443-d167-42e1-a43c-2eddf3c52c91
26/10/08 19:23:05 INFO SparkEnv: Registering OutputCommitCoordinator
26/10/08 19:23:05 INFO JettyUtils: Start Jetty 0.0.0.0:4040 for SparkUI
26/10/08 19:23:05 INFO Utils: Successfully started service 'SparkUI' on port 4040.
26/10/08 19:23:05 INFO SparkContext: Added JAR file:/opt/app/revenue-aggregation-spark.jar at spark://731dcedc8688:34549/jars/revenue-aggregation-spark.jar with timestamp 1791487384060
26/10/08 19:23:05 INFO SecurityManager: Changing view acls to: root,hadoop
26/10/08 19:23:05 INFO SecurityManager: Changing modify acls to: root,hadoop
26/10/08 19:23:05 INFO SecurityManager: Changing view acls groups to: root,hadoop
26/10/08 19:23:05 INFO SecurityManager: Changing modify acls groups to: root,hadoop
26/10/08 19:23:05 INFO SecurityManager: SecurityManager: authentication disabled; ui acls disabled; users with view permissions: root, hadoop groups with view permissions: EMPTY; users with modify permissions: root, hadoop; groups with modify permissions: EMPTY; RPC SSL disabled
26/10/08 19:23:06 INFO Executor: Starting executor ID driver on host 731dcedc8688
26/10/08 19:23:06 INFO Executor: OS info Linux, 6.18.40.1-microsoft-standard-WSL2, amd64
26/10/08 19:23:06 INFO Executor: Java version 21.0.9
26/10/08 19:23:06 INFO Executor: Starting executor with user classpath (userClassPathFirst = false): ''
26/10/08 19:23:06 INFO Executor: Created or updated repl class loader org.apache.spark.util.MutableURLClassLoader@12209826 for default.
26/10/08 19:23:06 INFO Executor: Fetching spark://731dcedc8688:34549/jars/revenue-aggregation-spark.jar with timestamp 1791487384060
26/10/08 19:23:06 INFO TransportClientFactory: Successfully created connection to 731dcedc8688/172.23.0.4:34549 after 82 ms (0 ms spent in bootstraps)
26/10/08 19:23:06 INFO Utils: Fetching spark://731dcedc8688:34549/jars/revenue-aggregation-spark.jar to /tmp/spark-c006795c-37ca-4d23-be01-2dcf9a20d39e/userFiles-6bede2da-cb98-41ca-9e6d-a229f7a6ed61/fetchFileTemp17595626633036216183.tmp
26/10/08 19:23:07 INFO Executor: Adding file:/tmp/spark-c006795c-37ca-4d23-be01-2dcf9a20d39e/userFiles-6bede2da-cb98-41ca-9e6d-a229f7a6ed61/revenue-aggregation-spark.jar to class loader default
26/10/08 19:23:07 INFO Utils: Successfully started service 'org.apache.spark.network.netty.NettyBlockTransferService' on port 41573.
26/10/08 19:23:07 INFO NettyBlockTransferService: Server created on 731dcedc8688:41573
26/10/08 19:23:07 INFO BlockManager: Using org.apache.spark.storage.RandomBlockReplicationPolicy for block replication policy
26/10/08 19:23:07 INFO BlockManagerMaster: Registering BlockManager BlockManagerId(driver, 731dcedc8688, 41573, None)
26/10/08 19:23:07 INFO BlockManagerMasterEndpoint: Registering block manager 731dcedc8688:41573 with 434.4 MiB RAM, BlockManagerId(driver, 731dcedc8688, 41573, None)
26/10/08 19:23:07 INFO BlockManagerMaster: Registered BlockManager BlockManagerId(driver, 731dcedc8688, 41573, None)
26/10/08 19:23:07 INFO BlockManager: Initialized BlockManager: BlockManagerId(driver, 731dcedc8688, 41573, None)
26/10/08 19:50:44 WARN SparkStringUtils: Truncated the string representation of a plan since it was too large. This behavior can be adjusted by setting 'spark.sql.debug.maxToStringFields'.
Features xong: 20261008-192309-97bb8c2-dk3 products=166794 kept=92592 (views>=20)
