 Container ptit_bigdata-bigdata-run-51d48a88d8bb Creating 
 Container ptit_bigdata-bigdata-run-51d48a88d8bb Created 
WARN NativeCodeLoader: Unable to load native-hadoop library for your platform... using builtin-java classes where applicable
WARN NativeCodeLoader: Unable to load native-hadoop library for your platform... using builtin-java classes where applicable
WARN NativeCodeLoader: Unable to load native-hadoop library for your platform... using builtin-java classes where applicable
Found 1 items
-rw-r--r--   3 hadoop supergroup        614 2026-10-05 20:02 /data/ecommerce/fixtures/events.csv
WARN NativeCodeLoader: Unable to load native-hadoop library for your platform... using builtin-java classes where applicable
WARN NativeCodeLoader: Unable to load native-hadoop library for your platform... using builtin-java classes where applicable
Preflight valid: 6 purchases, fingerprint=c9638f9cdee1abf9e21553a8dafa249957032c261467a7a9283f2c73ac9d224e
WARN NativeCodeLoader: Unable to load native-hadoop library for your platform... using builtin-java classes where applicable
Profile: 2 dictionary groups
WARN NativeCodeLoader: Unable to load native-hadoop library for your platform... using builtin-java classes where applicable
WARN MetricsSystemImpl: JobTracker metrics system already initialized!
WARN MetricsSystemImpl: JobTracker metrics system already initialized!
Run valid: hdfs://namenode:8020/data/ecommerce/mr/d0-hdfs-smoke/v1 (V1_DIRECT)
WARN NativeCodeLoader: Unable to load native-hadoop library for your platform... using builtin-java classes where applicable
WARN NativeCodeLoader: Unable to load native-hadoop library for your platform... using builtin-java classes where applicable
WARN MetricsSystemImpl: JobTracker metrics system already initialized!
WARN MetricsSystemImpl: JobTracker metrics system already initialized!
Run valid: hdfs://namenode:8020/data/ecommerce/mr/d0-hdfs-smoke/v2 (V2_COMBINER)
WARN NativeCodeLoader: Unable to load native-hadoop library for your platform... using builtin-java classes where applicable
WARN NativeCodeLoader: Unable to load native-hadoop library for your platform... using builtin-java classes where applicable
WARN MetricsSystemImpl: JobTracker metrics system already initialized!
WARN MetricsSystemImpl: JobTracker metrics system already initialized!
Run valid: hdfs://namenode:8020/data/ecommerce/mr/d0-hdfs-smoke/v3 (V3_IN_MAPPER)
WARN NativeCodeLoader: Unable to load native-hadoop library for your platform... using builtin-java classes where applicable
WARN NativeCodeLoader: Unable to load native-hadoop library for your platform... using builtin-java classes where applicable
WARN MetricsSystemImpl: JobTracker metrics system already initialized!
WARN MetricsSystemImpl: JobTracker metrics system already initialized!
Run valid: hdfs://namenode:8020/data/ecommerce/mr/d0-hdfs-smoke/v4 (V4_DENSE)
WARN NativeCodeLoader: Unable to load native-hadoop library for your platform... using builtin-java classes where applicable
WARN NativeCodeLoader: Unable to load native-hadoop library for your platform... using builtin-java classes where applicable
WARN MetricsSystemImpl: JobTracker metrics system already initialized!
WARN MetricsSystemImpl: JobTracker metrics system already initialized!
Run valid: hdfs://namenode:8020/data/ecommerce/mr/d0-hdfs-smoke/v5 (V5_BATCH)
WARN NativeCodeLoader: Unable to load native-hadoop library for your platform... using builtin-java classes where applicable
WARN NativeCodeLoader: Unable to load native-hadoop library for your platform... using builtin-java classes where applicable
Results equal
WARN NativeCodeLoader: Unable to load native-hadoop library for your platform... using builtin-java classes where applicable
Results equal
WARN NativeCodeLoader: Unable to load native-hadoop library for your platform... using builtin-java classes where applicable
Results equal
WARN NativeCodeLoader: Unable to load native-hadoop library for your platform... using builtin-java classes where applicable
Results equal
WARN NativeCodeLoader: Unable to load native-hadoop library for your platform... using builtin-java classes where applicable
WARN NativeCodeLoader: Unable to load native-hadoop library for your platform... using builtin-java classes where applicable
WARN NativeCodeLoader: Unable to load native-hadoop library for your platform... using builtin-java classes where applicable
-rw-r--r--   3 hadoop supergroup         88 2026-10-05 20:03 hdfs://namenode:8020/data/ecommerce/mr/d0-hdfs-smoke/revenue.csv
drwxr-xr-x   - hadoop supergroup          0 2026-10-05 20:02 hdfs://namenode:8020/data/ecommerce/mr/d0-hdfs-smoke/v1
-rw-r--r--   3 hadoop supergroup          0 2026-10-05 20:02 hdfs://namenode:8020/data/ecommerce/mr/d0-hdfs-smoke/v1/_SUCCESS
-rw-r--r--   3 hadoop supergroup         16 2026-10-05 20:02 hdfs://namenode:8020/data/ecommerce/mr/d0-hdfs-smoke/v1/part-r-00000
-rw-r--r--   3 hadoop supergroup         14 2026-10-05 20:02 hdfs://namenode:8020/data/ecommerce/mr/d0-hdfs-smoke/v1/part-r-00001
-rw-r--r--   3 hadoop supergroup       3917 2026-10-05 20:02 hdfs://namenode:8020/data/ecommerce/mr/d0-hdfs-smoke/v1/run-manifest.json
drwxr-xr-x   - hadoop supergroup          0 2026-10-05 20:02 hdfs://namenode:8020/data/ecommerce/mr/d0-hdfs-smoke/v2
-rw-r--r--   3 hadoop supergroup          0 2026-10-05 20:02 hdfs://namenode:8020/data/ecommerce/mr/d0-hdfs-smoke/v2/_SUCCESS
-rw-r--r--   3 hadoop supergroup         16 2026-10-05 20:02 hdfs://namenode:8020/data/ecommerce/mr/d0-hdfs-smoke/v2/part-r-00000
-rw-r--r--   3 hadoop supergroup         14 2026-10-05 20:02 hdfs://namenode:8020/data/ecommerce/mr/d0-hdfs-smoke/v2/part-r-00001
-rw-r--r--   3 hadoop supergroup       3920 2026-10-05 20:02 hdfs://namenode:8020/data/ecommerce/mr/d0-hdfs-smoke/v2/run-manifest.json
drwxr-xr-x   - hadoop supergroup          0 2026-10-05 20:02 hdfs://namenode:8020/data/ecommerce/mr/d0-hdfs-smoke/v3
-rw-r--r--   3 hadoop supergroup          0 2026-10-05 20:02 hdfs://namenode:8020/data/ecommerce/mr/d0-hdfs-smoke/v3/_SUCCESS
-rw-r--r--   3 hadoop supergroup         16 2026-10-05 20:02 hdfs://namenode:8020/data/ecommerce/mr/d0-hdfs-smoke/v3/part-r-00000
-rw-r--r--   3 hadoop supergroup         14 2026-10-05 20:02 hdfs://namenode:8020/data/ecommerce/mr/d0-hdfs-smoke/v3/part-r-00001
-rw-r--r--   3 hadoop supergroup       4084 2026-10-05 20:02 hdfs://namenode:8020/data/ecommerce/mr/d0-hdfs-smoke/v3/run-manifest.json
drwxr-xr-x   - hadoop supergroup          0 2026-10-05 20:03 hdfs://namenode:8020/data/ecommerce/mr/d0-hdfs-smoke/v4
-rw-r--r--   3 hadoop supergroup          0 2026-10-05 20:03 hdfs://namenode:8020/data/ecommerce/mr/d0-hdfs-smoke/v4/_SUCCESS
-rw-r--r--   3 hadoop supergroup         16 2026-10-05 20:03 hdfs://namenode:8020/data/ecommerce/mr/d0-hdfs-smoke/v4/part-r-00000
-rw-r--r--   3 hadoop supergroup         14 2026-10-05 20:03 hdfs://namenode:8020/data/ecommerce/mr/d0-hdfs-smoke/v4/part-r-00001
-rw-r--r--   3 hadoop supergroup       3910 2026-10-05 20:03 hdfs://namenode:8020/data/ecommerce/mr/d0-hdfs-smoke/v4/run-manifest.json
drwxr-xr-x   - hadoop supergroup          0 2026-10-05 20:03 hdfs://namenode:8020/data/ecommerce/mr/d0-hdfs-smoke/v5
-rw-r--r--   3 hadoop supergroup          0 2026-10-05 20:03 hdfs://namenode:8020/data/ecommerce/mr/d0-hdfs-smoke/v5/_SUCCESS
-rw-r--r--   3 hadoop supergroup         16 2026-10-05 20:03 hdfs://namenode:8020/data/ecommerce/mr/d0-hdfs-smoke/v5/part-r-00000
-rw-r--r--   3 hadoop supergroup         14 2026-10-05 20:03 hdfs://namenode:8020/data/ecommerce/mr/d0-hdfs-smoke/v5/part-r-00001
-rw-r--r--   3 hadoop supergroup       3910 2026-10-05 20:03 hdfs://namenode:8020/data/ecommerce/mr/d0-hdfs-smoke/v5/run-manifest.json
preflight	5699
profile	3748
v1	9691
v2	10529
v3	9584
v4	10849
v5	9531
