 Container ptit_bigdata-bigdata-run-fe7db9b65d1e Creating 
 Container ptit_bigdata-bigdata-run-fe7db9b65d1e Created 
WARN NativeCodeLoader: Unable to load native-hadoop library for your platform... using builtin-java classes where applicable
WARN NativeCodeLoader: Unable to load native-hadoop library for your platform... using builtin-java classes where applicable
Preflight valid: 7464 purchases, fingerprint=4a084759e7b4699d1384c50da76946b6369b40101219e94e88ae491387d12c4b
WARN NativeCodeLoader: Unable to load native-hadoop library for your platform... using builtin-java classes where applicable
Profile: 308 dictionary groups
WARN NativeCodeLoader: Unable to load native-hadoop library for your platform... using builtin-java classes where applicable
WARN MetricsSystemImpl: JobTracker metrics system already initialized!
WARN MetricsSystemImpl: JobTracker metrics system already initialized!
Run valid: hdfs://namenode:8020/data/ecommerce/mr/20261006-032500-88fd989-d1/v1 (V1_DIRECT)
WARN NativeCodeLoader: Unable to load native-hadoop library for your platform... using builtin-java classes where applicable
WARN NativeCodeLoader: Unable to load native-hadoop library for your platform... using builtin-java classes where applicable
WARN MetricsSystemImpl: JobTracker metrics system already initialized!
WARN MetricsSystemImpl: JobTracker metrics system already initialized!
Run valid: hdfs://namenode:8020/data/ecommerce/mr/20261006-032500-88fd989-d1/v2 (V2_COMBINER)
WARN NativeCodeLoader: Unable to load native-hadoop library for your platform... using builtin-java classes where applicable
WARN NativeCodeLoader: Unable to load native-hadoop library for your platform... using builtin-java classes where applicable
WARN MetricsSystemImpl: JobTracker metrics system already initialized!
WARN MetricsSystemImpl: JobTracker metrics system already initialized!
Run valid: hdfs://namenode:8020/data/ecommerce/mr/20261006-032500-88fd989-d1/v3 (V3_IN_MAPPER)
WARN NativeCodeLoader: Unable to load native-hadoop library for your platform... using builtin-java classes where applicable
WARN NativeCodeLoader: Unable to load native-hadoop library for your platform... using builtin-java classes where applicable
WARN MetricsSystemImpl: JobTracker metrics system already initialized!
WARN MetricsSystemImpl: JobTracker metrics system already initialized!
Run valid: hdfs://namenode:8020/data/ecommerce/mr/20261006-032500-88fd989-d1/v4 (V4_DENSE)
WARN NativeCodeLoader: Unable to load native-hadoop library for your platform... using builtin-java classes where applicable
WARN NativeCodeLoader: Unable to load native-hadoop library for your platform... using builtin-java classes where applicable
WARN MetricsSystemImpl: JobTracker metrics system already initialized!
WARN MetricsSystemImpl: JobTracker metrics system already initialized!
Run valid: hdfs://namenode:8020/data/ecommerce/mr/20261006-032500-88fd989-d1/v5 (V5_BATCH)
WARN NativeCodeLoader: Unable to load native-hadoop library for your platform... using builtin-java classes where applicable
WARN NativeCodeLoader: Unable to load native-hadoop library for your platform... using builtin-java classes where applicable
Results equal
WARN NativeCodeLoader: Unable to load native-hadoop library for your platform... using builtin-java classes where applicable
Results equal
WARN NativeCodeLoader: Unable to load native-hadoop library for your platform... using builtin-java classes where applicable
Results equal
WARN NativeCodeLoader: Unable to load native-hadoop library for your platform... using builtin-java classes where applicable
Results equal
WARN NativeCodeLoader: Unable to load native-hadoop library for your platform... using builtin-java classes where applicable
WARN NativeCodeLoader: Unable to load native-hadoop library for your platform... using builtin-java classes where applicable
WARN NativeCodeLoader: Unable to load native-hadoop library for your platform... using builtin-java classes where applicable
-rw-r--r--   1 hadoop supergroup      11306 2026-10-05 20:27 hdfs://namenode:8020/data/ecommerce/mr/20261006-032500-88fd989-d1/revenue.csv
drwxr-xr-x   - hadoop supergroup          0 2026-10-05 20:25 hdfs://namenode:8020/data/ecommerce/mr/20261006-032500-88fd989-d1/v1
-rw-r--r--   1 hadoop supergroup          0 2026-10-05 20:25 hdfs://namenode:8020/data/ecommerce/mr/20261006-032500-88fd989-d1/v1/_SUCCESS
-rw-r--r--   1 hadoop supergroup       5133 2026-10-05 20:25 hdfs://namenode:8020/data/ecommerce/mr/20261006-032500-88fd989-d1/v1/part-r-00000
-rw-r--r--   1 hadoop supergroup       5809 2026-10-05 20:25 hdfs://namenode:8020/data/ecommerce/mr/20261006-032500-88fd989-d1/v1/part-r-00001
-rw-r--r--   1 hadoop supergroup       3973 2026-10-05 20:25 hdfs://namenode:8020/data/ecommerce/mr/20261006-032500-88fd989-d1/v1/run-manifest.json
drwxr-xr-x   - hadoop supergroup          0 2026-10-05 20:26 hdfs://namenode:8020/data/ecommerce/mr/20261006-032500-88fd989-d1/v2
-rw-r--r--   1 hadoop supergroup          0 2026-10-05 20:26 hdfs://namenode:8020/data/ecommerce/mr/20261006-032500-88fd989-d1/v2/_SUCCESS
-rw-r--r--   1 hadoop supergroup       5133 2026-10-05 20:26 hdfs://namenode:8020/data/ecommerce/mr/20261006-032500-88fd989-d1/v2/part-r-00000
-rw-r--r--   1 hadoop supergroup       5809 2026-10-05 20:26 hdfs://namenode:8020/data/ecommerce/mr/20261006-032500-88fd989-d1/v2/part-r-00001
-rw-r--r--   1 hadoop supergroup       3980 2026-10-05 20:26 hdfs://namenode:8020/data/ecommerce/mr/20261006-032500-88fd989-d1/v2/run-manifest.json
drwxr-xr-x   - hadoop supergroup          0 2026-10-05 20:26 hdfs://namenode:8020/data/ecommerce/mr/20261006-032500-88fd989-d1/v3
-rw-r--r--   1 hadoop supergroup          0 2026-10-05 20:26 hdfs://namenode:8020/data/ecommerce/mr/20261006-032500-88fd989-d1/v3/_SUCCESS
-rw-r--r--   1 hadoop supergroup       5133 2026-10-05 20:26 hdfs://namenode:8020/data/ecommerce/mr/20261006-032500-88fd989-d1/v3/part-r-00000
-rw-r--r--   1 hadoop supergroup       5809 2026-10-05 20:26 hdfs://namenode:8020/data/ecommerce/mr/20261006-032500-88fd989-d1/v3/part-r-00001
-rw-r--r--   1 hadoop supergroup       4139 2026-10-05 20:26 hdfs://namenode:8020/data/ecommerce/mr/20261006-032500-88fd989-d1/v3/run-manifest.json
drwxr-xr-x   - hadoop supergroup          0 2026-10-05 20:26 hdfs://namenode:8020/data/ecommerce/mr/20261006-032500-88fd989-d1/v4
-rw-r--r--   1 hadoop supergroup          0 2026-10-05 20:26 hdfs://namenode:8020/data/ecommerce/mr/20261006-032500-88fd989-d1/v4/_SUCCESS
-rw-r--r--   1 hadoop supergroup       5133 2026-10-05 20:26 hdfs://namenode:8020/data/ecommerce/mr/20261006-032500-88fd989-d1/v4/part-r-00000
-rw-r--r--   1 hadoop supergroup       5809 2026-10-05 20:26 hdfs://namenode:8020/data/ecommerce/mr/20261006-032500-88fd989-d1/v4/part-r-00001
-rw-r--r--   1 hadoop supergroup       3962 2026-10-05 20:26 hdfs://namenode:8020/data/ecommerce/mr/20261006-032500-88fd989-d1/v4/run-manifest.json
drwxr-xr-x   - hadoop supergroup          0 2026-10-05 20:26 hdfs://namenode:8020/data/ecommerce/mr/20261006-032500-88fd989-d1/v5
-rw-r--r--   1 hadoop supergroup          0 2026-10-05 20:26 hdfs://namenode:8020/data/ecommerce/mr/20261006-032500-88fd989-d1/v5/_SUCCESS
-rw-r--r--   1 hadoop supergroup       5460 2026-10-05 20:26 hdfs://namenode:8020/data/ecommerce/mr/20261006-032500-88fd989-d1/v5/part-r-00000
-rw-r--r--   1 hadoop supergroup       5482 2026-10-05 20:26 hdfs://namenode:8020/data/ecommerce/mr/20261006-032500-88fd989-d1/v5/part-r-00001
-rw-r--r--   1 hadoop supergroup       3950 2026-10-05 20:26 hdfs://namenode:8020/data/ecommerce/mr/20261006-032500-88fd989-d1/v5/run-manifest.json
preflight	10244
profile	15604
v1	17575
v2	18355
v3	11737
v4	13010
v5	15212
