 Container ptit_bigdata-bigdata-run-34d639fd9950 Creating 
 Container ptit_bigdata-bigdata-run-34d639fd9950 Created 
WARN NativeCodeLoader: Unable to load native-hadoop library for your platform... using builtin-java classes where applicable
WARN NativeCodeLoader: Unable to load native-hadoop library for your platform... using builtin-java classes where applicable
Preflight valid: 74120 purchases, fingerprint=d7654024e6c8fd9526187ca3171874c67e1dda205cd3f9c9db21285004a17ca7
WARN NativeCodeLoader: Unable to load native-hadoop library for your platform... using builtin-java classes where applicable
Profile: 495 dictionary groups
WARN NativeCodeLoader: Unable to load native-hadoop library for your platform... using builtin-java classes where applicable
WARN MetricsSystemImpl: JobTracker metrics system already initialized!
WARN MetricsSystemImpl: JobTracker metrics system already initialized!
Run valid: hdfs://namenode:8020/data/ecommerce/mr/20261006-034832-88fd989-d2/v1 (V1_DIRECT)
WARN NativeCodeLoader: Unable to load native-hadoop library for your platform... using builtin-java classes where applicable
WARN NativeCodeLoader: Unable to load native-hadoop library for your platform... using builtin-java classes where applicable
WARN MetricsSystemImpl: JobTracker metrics system already initialized!
WARN MetricsSystemImpl: JobTracker metrics system already initialized!
Run valid: hdfs://namenode:8020/data/ecommerce/mr/20261006-034832-88fd989-d2/v2 (V2_COMBINER)
WARN NativeCodeLoader: Unable to load native-hadoop library for your platform... using builtin-java classes where applicable
WARN NativeCodeLoader: Unable to load native-hadoop library for your platform... using builtin-java classes where applicable
WARN MetricsSystemImpl: JobTracker metrics system already initialized!
WARN MetricsSystemImpl: JobTracker metrics system already initialized!
Run valid: hdfs://namenode:8020/data/ecommerce/mr/20261006-034832-88fd989-d2/v3 (V3_IN_MAPPER)
WARN NativeCodeLoader: Unable to load native-hadoop library for your platform... using builtin-java classes where applicable
WARN NativeCodeLoader: Unable to load native-hadoop library for your platform... using builtin-java classes where applicable
WARN MetricsSystemImpl: JobTracker metrics system already initialized!
WARN MetricsSystemImpl: JobTracker metrics system already initialized!
Run valid: hdfs://namenode:8020/data/ecommerce/mr/20261006-034832-88fd989-d2/v4 (V4_DENSE)
WARN NativeCodeLoader: Unable to load native-hadoop library for your platform... using builtin-java classes where applicable
WARN NativeCodeLoader: Unable to load native-hadoop library for your platform... using builtin-java classes where applicable
WARN MetricsSystemImpl: JobTracker metrics system already initialized!
WARN MetricsSystemImpl: JobTracker metrics system already initialized!
Run valid: hdfs://namenode:8020/data/ecommerce/mr/20261006-034832-88fd989-d2/v5 (V5_BATCH)
WARN NativeCodeLoader: Unable to load native-hadoop library for your platform... using builtin-java classes where applicable
WARN NativeCodeLoader: Unable to load native-hadoop library for your platform... using builtin-java classes where applicable
Results equal
WARN NativeCodeLoader: Unable to load native-hadoop library for your platform... using builtin-java classes where applicable
Results equal
WARN NativeCodeLoader: Unable to load native-hadoop library for your platform... using builtin-java classes where applicable
Results equal
WARN NativeCodeLoader: Unable to load native-hadoop library for your platform... using builtin-java classes where applicable
Results equal
WARN NativeCodeLoader: Unable to load native-hadoop library for your platform... using builtin-java classes where applicable
WARN NativeCodeLoader: Unable to load native-hadoop library for your platform... using builtin-java classes where applicable
WARN NativeCodeLoader: Unable to load native-hadoop library for your platform... using builtin-java classes where applicable
-rw-r--r--   1 hadoop supergroup      18569 2026-10-05 21:01 hdfs://namenode:8020/data/ecommerce/mr/20261006-034832-88fd989-d2/revenue.csv
drwxr-xr-x   - hadoop supergroup          0 2026-10-05 20:52 hdfs://namenode:8020/data/ecommerce/mr/20261006-034832-88fd989-d2/v1
-rw-r--r--   1 hadoop supergroup          0 2026-10-05 20:52 hdfs://namenode:8020/data/ecommerce/mr/20261006-034832-88fd989-d2/v1/_SUCCESS
-rw-r--r--   1 hadoop supergroup       8705 2026-10-05 20:52 hdfs://namenode:8020/data/ecommerce/mr/20261006-034832-88fd989-d2/v1/part-r-00000
-rw-r--r--   1 hadoop supergroup       9313 2026-10-05 20:52 hdfs://namenode:8020/data/ecommerce/mr/20261006-034832-88fd989-d2/v1/part-r-00001
-rw-r--r--   1 hadoop supergroup       3989 2026-10-05 20:52 hdfs://namenode:8020/data/ecommerce/mr/20261006-034832-88fd989-d2/v1/run-manifest.json
drwxr-xr-x   - hadoop supergroup          0 2026-10-05 20:54 hdfs://namenode:8020/data/ecommerce/mr/20261006-034832-88fd989-d2/v2
-rw-r--r--   1 hadoop supergroup          0 2026-10-05 20:53 hdfs://namenode:8020/data/ecommerce/mr/20261006-034832-88fd989-d2/v2/_SUCCESS
-rw-r--r--   1 hadoop supergroup       8705 2026-10-05 20:53 hdfs://namenode:8020/data/ecommerce/mr/20261006-034832-88fd989-d2/v2/part-r-00000
-rw-r--r--   1 hadoop supergroup       9313 2026-10-05 20:53 hdfs://namenode:8020/data/ecommerce/mr/20261006-034832-88fd989-d2/v2/part-r-00001
-rw-r--r--   1 hadoop supergroup       3995 2026-10-05 20:54 hdfs://namenode:8020/data/ecommerce/mr/20261006-034832-88fd989-d2/v2/run-manifest.json
drwxr-xr-x   - hadoop supergroup          0 2026-10-05 20:56 hdfs://namenode:8020/data/ecommerce/mr/20261006-034832-88fd989-d2/v3
-rw-r--r--   1 hadoop supergroup          0 2026-10-05 20:55 hdfs://namenode:8020/data/ecommerce/mr/20261006-034832-88fd989-d2/v3/_SUCCESS
-rw-r--r--   1 hadoop supergroup       8705 2026-10-05 20:55 hdfs://namenode:8020/data/ecommerce/mr/20261006-034832-88fd989-d2/v3/part-r-00000
-rw-r--r--   1 hadoop supergroup       9313 2026-10-05 20:55 hdfs://namenode:8020/data/ecommerce/mr/20261006-034832-88fd989-d2/v3/part-r-00001
-rw-r--r--   1 hadoop supergroup       4155 2026-10-05 20:56 hdfs://namenode:8020/data/ecommerce/mr/20261006-034832-88fd989-d2/v3/run-manifest.json
drwxr-xr-x   - hadoop supergroup          0 2026-10-05 21:00 hdfs://namenode:8020/data/ecommerce/mr/20261006-034832-88fd989-d2/v4
-rw-r--r--   1 hadoop supergroup          0 2026-10-05 20:59 hdfs://namenode:8020/data/ecommerce/mr/20261006-034832-88fd989-d2/v4/_SUCCESS
-rw-r--r--   1 hadoop supergroup       8705 2026-10-05 20:59 hdfs://namenode:8020/data/ecommerce/mr/20261006-034832-88fd989-d2/v4/part-r-00000
-rw-r--r--   1 hadoop supergroup       9313 2026-10-05 20:59 hdfs://namenode:8020/data/ecommerce/mr/20261006-034832-88fd989-d2/v4/part-r-00001
-rw-r--r--   1 hadoop supergroup       3980 2026-10-05 21:00 hdfs://namenode:8020/data/ecommerce/mr/20261006-034832-88fd989-d2/v4/run-manifest.json
drwxr-xr-x   - hadoop supergroup          0 2026-10-05 21:01 hdfs://namenode:8020/data/ecommerce/mr/20261006-034832-88fd989-d2/v5
-rw-r--r--   1 hadoop supergroup          0 2026-10-05 21:01 hdfs://namenode:8020/data/ecommerce/mr/20261006-034832-88fd989-d2/v5/_SUCCESS
-rw-r--r--   1 hadoop supergroup       9037 2026-10-05 21:01 hdfs://namenode:8020/data/ecommerce/mr/20261006-034832-88fd989-d2/v5/part-r-00000
-rw-r--r--   1 hadoop supergroup       8981 2026-10-05 21:01 hdfs://namenode:8020/data/ecommerce/mr/20261006-034832-88fd989-d2/v5/part-r-00001
-rw-r--r--   1 hadoop supergroup       3969 2026-10-05 21:01 hdfs://namenode:8020/data/ecommerce/mr/20261006-034832-88fd989-d2/v5/run-manifest.json
preflight	53183
profile	76105
v1	104911
v2	95590
v3	118558
v4	252631
v5	66732
